Component: ARM Compiler 5.06 update 5 (build 528) Tool: armlink [4d35e2]

==============================================================================

Section Cross References

    startup_stm32f10x_md.o(STACK) refers (Special) to heapauxi.o(.text) for __use_two_region_memory
    startup_stm32f10x_md.o(HEAP) refers (Special) to heapauxi.o(.text) for __use_two_region_memory
    startup_stm32f10x_md.o(RESET) refers (Special) to heapauxi.o(.text) for __use_two_region_memory
    startup_stm32f10x_md.o(RESET) refers to startup_stm32f10x_md.o(STACK) for __initial_sp
    startup_stm32f10x_md.o(RESET) refers to startup_stm32f10x_md.o(.text) for Reset_Handler
    startup_stm32f10x_md.o(RESET) refers to stm32f10x_it.o(i.NMI_Handler) for NMI_Handler
    startup_stm32f10x_md.o(RESET) refers to stm32f10x_it.o(i.HardFault_Handler) for HardFault_Handler
    startup_stm32f10x_md.o(RESET) refers to stm32f10x_it.o(i.MemManage_Handler) for MemManage_Handler
    startup_stm32f10x_md.o(RESET) refers to stm32f10x_it.o(i.BusFault_Handler) for BusFault_Handler
    startup_stm32f10x_md.o(RESET) refers to stm32f10x_it.o(i.UsageFault_Handler) for UsageFault_Handler
    startup_stm32f10x_md.o(RESET) refers to stm32f10x_it.o(i.SVC_Handler) for SVC_Handler
    startup_stm32f10x_md.o(RESET) refers to stm32f10x_it.o(i.DebugMon_Handler) for DebugMon_Handler
    startup_stm32f10x_md.o(RESET) refers to stm32f10x_it.o(i.PendSV_Handler) for PendSV_Handler
    startup_stm32f10x_md.o(RESET) refers to stm32f10x_it.o(i.SysTick_Handler) for SysTick_Handler
    startup_stm32f10x_md.o(RESET) refers to main.o(i.EXTI9_5_IRQHandler) for EXTI9_5_IRQHandler
    startup_stm32f10x_md.o(RESET) refers to main.o(i.TIM3_IRQHandler) for TIM3_IRQHandler
    startup_stm32f10x_md.o(.text) refers (Special) to heapauxi.o(.text) for __use_two_region_memory
    startup_stm32f10x_md.o(.text) refers to system_stm32f10x.o(i.SystemInit) for SystemInit
    startup_stm32f10x_md.o(.text) refers to __main.o(!!!main) for __main
    startup_stm32f10x_md.o(.text) refers to startup_stm32f10x_md.o(HEAP) for Heap_Mem
    startup_stm32f10x_md.o(.text) refers to startup_stm32f10x_md.o(STACK) for Stack_Mem
    system_stm32f10x.o(i.SetSysClock) refers to system_stm32f10x.o(i.SetSysClockTo72) for SetSysClockTo72
    system_stm32f10x.o(i.SystemCoreClockUpdate) refers to system_stm32f10x.o(.data) for SystemCoreClock
    system_stm32f10x.o(i.SystemInit) refers to system_stm32f10x.o(i.SetSysClock) for SetSysClock
    stm32f10x_adc.o(i.ADC_DeInit) refers to stm32f10x_rcc.o(i.RCC_APB2PeriphResetCmd) for RCC_APB2PeriphResetCmd
    stm32f10x_bkp.o(i.BKP_DeInit) refers to stm32f10x_rcc.o(i.RCC_BackupResetCmd) for RCC_BackupResetCmd
    stm32f10x_can.o(i.CAN_DeInit) refers to stm32f10x_rcc.o(i.RCC_APB1PeriphResetCmd) for RCC_APB1PeriphResetCmd
    stm32f10x_can.o(i.CAN_GetITStatus) refers to stm32f10x_can.o(i.CheckITStatus) for CheckITStatus
    stm32f10x_cec.o(i.CEC_DeInit) refers to stm32f10x_rcc.o(i.RCC_APB1PeriphResetCmd) for RCC_APB1PeriphResetCmd
    stm32f10x_dac.o(i.DAC_DeInit) refers to stm32f10x_rcc.o(i.RCC_APB1PeriphResetCmd) for RCC_APB1PeriphResetCmd
    stm32f10x_flash.o(i.FLASH_EnableWriteProtection) refers to stm32f10x_flash.o(i.FLASH_WaitForLastOperation) for FLASH_WaitForLastOperation
    stm32f10x_flash.o(i.FLASH_EraseAllBank1Pages) refers to stm32f10x_flash.o(i.FLASH_WaitForLastBank1Operation) for FLASH_WaitForLastBank1Operation
    stm32f10x_flash.o(i.FLASH_EraseAllPages) refers to stm32f10x_flash.o(i.FLASH_WaitForLastOperation) for FLASH_WaitForLastOperation
    stm32f10x_flash.o(i.FLASH_EraseOptionBytes) refers to stm32f10x_flash.o(i.FLASH_GetReadOutProtectionStatus) for FLASH_GetReadOutProtectionStatus
    stm32f10x_flash.o(i.FLASH_EraseOptionBytes) refers to stm32f10x_flash.o(i.FLASH_WaitForLastOperation) for FLASH_WaitForLastOperation
    stm32f10x_flash.o(i.FLASH_ErasePage) refers to stm32f10x_flash.o(i.FLASH_WaitForLastOperation) for FLASH_WaitForLastOperation
    stm32f10x_flash.o(i.FLASH_ProgramHalfWord) refers to stm32f10x_flash.o(i.FLASH_WaitForLastOperation) for FLASH_WaitForLastOperation
    stm32f10x_flash.o(i.FLASH_ProgramOptionByteData) refers to stm32f10x_flash.o(i.FLASH_WaitForLastOperation) for FLASH_WaitForLastOperation
    stm32f10x_flash.o(i.FLASH_ProgramWord) refers to stm32f10x_flash.o(i.FLASH_WaitForLastOperation) for FLASH_WaitForLastOperation
    stm32f10x_flash.o(i.FLASH_ReadOutProtection) refers to stm32f10x_flash.o(i.FLASH_WaitForLastOperation) for FLASH_WaitForLastOperation
    stm32f10x_flash.o(i.FLASH_UserOptionByteConfig) refers to stm32f10x_flash.o(i.FLASH_WaitForLastOperation) for FLASH_WaitForLastOperation
    stm32f10x_flash.o(i.FLASH_WaitForLastBank1Operation) refers to stm32f10x_flash.o(i.FLASH_GetBank1Status) for FLASH_GetBank1Status
    stm32f10x_flash.o(i.FLASH_WaitForLastOperation) refers to stm32f10x_flash.o(i.FLASH_GetBank1Status) for FLASH_GetBank1Status
[...]
    i.TIM_TimeBaseInit                       0x08001f3c   Section        0  stm32f10x_tim.o(i.TIM_TimeBaseInit)
    i.Timer3_Init                            0x08001fe0   Section        0  timer.o(i.Timer3_Init)
    i.UsageFault_Handler                     0x08002060   Section        0  stm32f10x_it.o(i.UsageFault_Handler)
    i.__ARM_fpclassify                       0x08002064   Section        0  fpclassify.o(i.__ARM_fpclassify)
    i.__kernel_poly                          0x0800208c   Section        0  poly.o(i.__kernel_poly)
    i.__mathlib_dbl_infnan                   0x08002136   Section        0  dunder.o(i.__mathlib_dbl_infnan)
    i.__mathlib_dbl_infnan2                  0x0800213c   Section        0  dunder.o(i.__mathlib_dbl_infnan2)
    i.__mathlib_dbl_invalid                  0x08002140   Section        0  dunder.o(i.__mathlib_dbl_invalid)
    i.__mathlib_dbl_underflow                0x0800214c   Section        0  dunder.o(i.__mathlib_dbl_underflow)
    i.accel_self_test                        0x0800215c   Section        0  inv_mpu.o(i.accel_self_test)
    accel_self_test                          0x0800215d   Thumb Code   164  inv_mpu.o(i.accel_self_test)
    i.asin                                   0x08002204   Section        0  asin.o(i.asin)
    i.atan                                   0x08002474   Section        0  atan.o(i.atan)
    i.atan2                                  0x08002694   Section        0  atan2.o(i.atan2)
    i.decode_gesture                         0x08002814   Section        0  inv_mpu_dmp_motion_driver.o(i.decode_gesture)
    decode_gesture                           0x08002815   Thumb Code    94  inv_mpu_dmp_motion_driver.o(i.decode_gesture)
    i.dmp_enable_6x_lp_quat                  0x08002878   Section        0  inv_mpu_dmp_motion_driver.o(i.dmp_enable_6x_lp_quat)
    i.dmp_enable_feature                     0x080028b4   Section        0  inv_mpu_dmp_motion_driver.o(i.dmp_enable_feature)
    i.dmp_enable_gyro_cal                    0x08002ad0   Section        0  inv_mpu_dmp_motion_driver.o(i.dmp_enable_gyro_cal)
    i.dmp_enable_lp_quat                     0x08002b28   Section        0  inv_mpu_dmp_motion_driver.o(i.dmp_enable_lp_quat)
    i.dmp_load_motion_driver_firmware        0x08002b64   Section        0  inv_mpu_dmp_motion_driver.o(i.dmp_load_motion_driver_firmware)
    i.dmp_read_fifo                          0x08002b7c   Section        0  inv_mpu_dmp_motion_driver.o(i.dmp_read_fifo)
    i.dmp_set_accel_bias                     0x08002d44   Section        0  inv_mpu_dmp_motion_driver.o(i.dmp_set_accel_bias)
    i.dmp_set_fifo_rate                      0x08002e74   Section        0  inv_mpu_dmp_motion_driver.o(i.dmp_set_fifo_rate)
    i.dmp_set_gyro_bias                      0x08002ee4   Section        0  inv_mpu_dmp_motion_driver.o(i.dmp_set_gyro_bias)
    i.dmp_set_orientation                    0x08003014   Section        0  inv_mpu_dmp_motion_driver.o(i.dmp_set_orientation)
    i.dmp_set_shake_reject_thresh            0x0800314c   Section        0  inv_mpu_dmp_motion_driver.o(i.dmp_set_shake_reject_thresh)
    i.dmp_set_shake_reject_time              0x08003184   Section        0  inv_mpu_dmp_motion_driver.o(i.dmp_set_shake_reject_time)
    i.dmp_set_shake_reject_timeout           0x080031aa   Section        0  inv_mpu_dmp_motion_driver.o(i.dmp_set_shake_reject_timeout)
    i.dmp_set_tap_axes                       0x080031d0   Section        0  inv_mpu_dmp_motion_driver.o(i.dmp_set_tap_axes)
    i.dmp_set_tap_count                      0x08003216   Section        0  inv_mpu_dmp_motion_driver.o(i.dmp_set_tap_count)
    i.dmp_set_tap_thresh                     0x0800323c   Section        0  inv_mpu_dmp_motion_driver.o(i.dmp_set_tap_thresh)
    i.dmp_set_tap_time                       0x080033dc   Section        0  inv_mpu_dmp_motion_driver.o(i.dmp_set_tap_time)
    i.dmp_set_tap_time_multi                 0x08003402   Section        0  inv_mpu_dmp_motion_driver.o(i.dmp_set_tap_time_multi)
    i.get_accel_prod_shift                   0x08003428   Section        0  inv_mpu.o(i.get_accel_prod_shift)
    get_accel_prod_shift                     0x08003429   Thumb Code   168  inv_mpu.o(i.get_accel_prod_shift)
    i.get_st_biases                          0x080034dc   Section        0  inv_mpu.o(i.get_st_biases)
    get_st_biases                            0x080034dd   Thumb Code  1132  inv_mpu.o(i.get_st_biases)
    i.gyro_self_test                         0x0800394c   Section        0  inv_mpu.o(i.gyro_self_test)
    gyro_self_test                           0x0800394d   Thumb Code   256  inv_mpu.o(i.gyro_self_test)
    i.inv_orientation_matrix_to_scalar       0x08003a5c   Section        0  inv_mpu.o(i.inv_orientation_matrix_to_scalar)
    i.inv_row_2_scale                        0x08003a84   Section        0  inv_mpu.o(i.inv_row_2_scale)
    i.main                                   0x08003ad4   Section        0  main.o(i.main)
    i.mpu6050_read                           0x08003b28   Section        0  mpu6050.o(i.mpu6050_read)
    i.mpu6050_read_reg                       0x08003b84   Section        0  mpu6050.o(i.mpu6050_read_reg)
    i.mpu6050_write                          0x08003b9a   Section        0  mpu6050.o(i.mpu6050_write)
    i.mpu6050_write_reg                      0x08003bde   Section        0  mpu6050.o(i.mpu6050_write_reg)
    i.mpu_configure_fifo                     0x08003bf0   Section        0  inv_mpu.o(i.mpu_configure_fifo)
    i.mpu_get_accel_fsr                      0x08003c60   Section        0  inv_mpu.o(i.mpu_get_accel_fsr)
    i.mpu_get_accel_sens                     0x08003cac   Section        0  inv_mpu.o(i.mpu_get_accel_sens)
    i.mpu_get_fifo_config                    0x08003d00   Section        0  inv_mpu.o(i.mpu_get_fifo_config)
    i.mpu_get_gyro_fsr                       0x08003d10   Section        0  inv_mpu.o(i.mpu_get_gyro_fsr)
    i.mpu_get_gyro_sens                      0x08003d54   Section        0  inv_mpu.o(i.mpu_get_gyro_sens)
    i.mpu_get_lpf                            0x08003da4   Section        0  inv_mpu.o(i.mpu_get_lpf)
    i.mpu_get_sample_rate                    0x08003df4   Section        0  inv_mpu.o(i.mpu_get_sample_rate)
    i.mpu_init                               0x08003e14   Section        0  inv_mpu.o(i.mpu_init)
    i.mpu_load_firmware                      0x08003fa4   Section        0  inv_mpu.o(i.mpu_load_firmware)
    i.mpu_lp_accel_mode                      0x0800405c   Section        0  inv_mpu.o(i.mpu_lp_accel_mode)
    i.mpu_read_fifo_stream                   0x0800413c   Section        0  inv_mpu.o(i.mpu_read_fifo_stream)
    i.mpu_read_mem                           0x080041fc   Section        0  inv_mpu.o(i.mpu_read_mem)
    i.mpu_reset_fifo                         0x0800427c   Section        0  inv_mpu.o(i.mpu_reset_fifo)
    i.mpu_run_self_test                      0x08004444   Section        0  inv_mpu.o(i.mpu_run_self_test)
    i.mpu_set_accel_fsr                      0x08004560   Section        0  inv_mpu.o(i.mpu_set_accel_fsr)
    i.mpu_set_bypass                         0x080045e4   Section        0  inv_mpu.o(i.mpu_set_bypass)
    i.mpu_set_dmp_state                      0x08004730   Section        0  inv_mpu.o(i.mpu_set_dmp_state)
    i.mpu_set_gyro_fsr                       0x080047c0   Section        0  inv_mpu.o(i.mpu_set_gyro_fsr)
    i.mpu_set_int_latched                    0x08004848   Section        0  inv_mpu.o(i.mpu_set_int_latched)
    i.mpu_set_lpf                            0x080048b4   Section        0  inv_mpu.o(i.mpu_set_lpf)
    i.mpu_set_sample_rate                    0x08004938   Section        0  inv_mpu.o(i.mpu_set_sample_rate)
    i.mpu_set_sensors                        0x080049d4   Section        0  inv_mpu.o(i.mpu_set_sensors)
    i.mpu_write_mem                          0x08004aa4   Section        0  inv_mpu.o(i.mpu_write_mem)
    i.power                                  0x08004b24   Section        0  sys.o(i.power)
    i.run_self_test                          0x08004b38   Section        0  inv_mpu.o(i.run_self_test)
    i.set_int_enable                         0x08004bcc   Section        0  inv_mpu.o(i.set_int_enable)
    set_int_enable                           0x08004bcd   Thumb Code   138  inv_mpu.o(i.set_int_enable)
    i.sqrt                                   0x08004c5c   Section        0  sqrt.o(i.sqrt)
    x$fpl$d2f                                0x08004ca8   Section       98  d2f.o(x$fpl$d2f)
    x$fpl$dadd                               0x08004d0c   Section      336  daddsub_clz.o(x$fpl$dadd)
    _dadd1                                   0x08004d1d   Thumb Code     0  daddsub_clz.o(x$fpl$dadd)
    x$fpl$dcheck1                            0x08004e5c   Section       16  dcheck1.o(x$fpl$dcheck1)
    x$fpl$ddiv                               0x08004e6c   Section      688  ddiv.o(x$fpl$ddiv)
    ddiv_entry                               0x08004e73   Thumb Code     0  ddiv.o(x$fpl$ddiv)
    x$fpl$dmul                               0x0800511c   Section      340  dmul.o(x$fpl$dmul)
    x$fpl$dnaninf                            0x08005270   Section      156  dnaninf.o(x$fpl$dnaninf)
    x$fpl$dretinf                            0x0800530c   Section       12  dretinf.o(x$fpl$dretinf)
    x$fpl$drsb                               0x08005318   Section       22  daddsub_clz.o(x$fpl$drsb)
    x$fpl$dsqrt                              0x08005330   Section      460  dsqrt_noumaal.o(x$fpl$dsqrt)
    x$fpl$dsub                               0x080054fc   Section      468  daddsub_clz.o(x$fpl$dsub)
    _dsub1                                   0x0800550d   Thumb Code     0  daddsub_clz.o(x$fpl$dsub)
    x$fpl$f2d                                0x080056d0   Section       86  f2d.o(x$fpl$f2d)
    x$fpl$fadd                               0x08005728   Section      196  faddsub_clz.o(x$fpl$fadd)
    _fadd1                                   0x08005737   Thumb Code     0  faddsub_clz.o(x$fpl$fadd)
    x$fpl$fcmpinf                            0x080057ec   Section       24  fcmpi.o(x$fpl$fcmpinf)
    x$fpl$fdiv                               0x08005804   Section      388  fdiv.o(x$fpl$fdiv)
    _fdiv1                                   0x08005805   Thumb Code     0  fdiv.o(x$fpl$fdiv)
    x$fpl$feqf                               0x08005988   Section      104  feqf.o(x$fpl$feqf)
    x$fpl$ffix                               0x080059f0   Section       54  ffix.o(x$fpl$ffix)
    x$fpl$ffixu                              0x08005a28   Section       62  ffixu.o(x$fpl$ffixu)
    x$fpl$fflt                               0x08005a68   Section       48  fflt_clz.o(x$fpl$fflt)
    x$fpl$ffltu                              0x08005a98   Section       38  fflt_clz.o(x$fpl$ffltu)
    x$fpl$fleqf                              0x08005ac0   Section      104  fleqf.o(x$fpl$fleqf)
    x$fpl$fmul                               0x08005b28   Section      258  fmul.o(x$fpl$fmul)
    x$fpl$fnaninf                            0x08005c2a   Section      140  fnaninf.o(x$fpl$fnaninf)
    x$fpl$fretinf                            0x08005cb6   Section       10  fretinf.o(x$fpl$fretinf)
    x$fpl$frleqf                             0x08005cc0   Section       98  frleqf.o(x$fpl$frleqf)
    x$fpl$fsub                               0x08005d24   Section      234  faddsub_clz.o(x$fpl$fsub)
    _fsub1                                   0x08005d33   Thumb Code     0  faddsub_clz.o(x$fpl$fsub)
    x$fpl$retnan                             0x08005e0e   Section      100  retnan.o(x$fpl$retnan)
    x$fpl$scalbn                             0x08005e72   Section       92  scalbn.o(x$fpl$scalbn)
    x$fpl$trapveneer                         0x08005ece   Section       48  trapv.o(x$fpl$trapveneer)
    .constdata                               0x08005efe   Section     1520  oled.o(.constdata)
    x$fpl$usenofp                            0x08005efe   Section        0  usenofp.o(x$fpl$usenofp)
    .constdata                               0x080064f0   Section       80  inv_mpu.o(.constdata)
    .constdata                               0x08006540   Section     3062  inv_mpu_dmp_motion_driver.o(.constdata)
    dmp_memory                               0x08006540   Data        3062  inv_mpu_dmp_motion_driver.o(.constdata)
    .constdata                               0x08007138   Section       80  asin.o(.constdata)
    pS                                       0x08007138   Data          48  asin.o(.constdata)
    qS                                       0x08007168   Data          32  asin.o(.constdata)
    .constdata                               0x08007188   Section      152  atan.o(.constdata)
    atanhi                                   0x08007188   Data          32  atan.o(.constdata)
    atanlo                                   0x080071a8   Data          32  atan.o(.constdata)
    aTodd                                    0x080071c8   Data          40  atan.o(.constdata)
    aTeven                                   0x080071f0   Data          48  atan.o(.constdata)
    .constdata                               0x08007220   Section        8  qnan.o(.constdata)
    .data                                    0x20000000   Section      159  main.o(.data)
    Count1                                   0x20000090   Data           2  main.o(.data)
    Count2                                   0x20000092   Data           2  main.o(.data)
    filtered_angle                           0x20000094   Data           4  main.o(.data)
    speed_avg_history                        0x20000098   Data           6  main.o(.data)
    speed_index                              0x2000009e   Data           1  main.o(.data)
    .data                                    0x200000a0   Section       53  inv_mpu.o(.data)
    st                                       0x200000a0   Data          44  inv_mpu.o(.data)
    gyro_orientation                         0x200000cc   Data           9  inv_mpu.o(.data)
    .bss                                     0x200000d8   Section       16  inv_mpu_dmp_motion_driver.o(.bss)
    dmp                                      0x200000d8   Data          16  inv_mpu_dmp_motion_driver.o(.bss)
    .bss                                     0x200000e8   Section       96  libspace.o(.bss)
    HEAP                                     0x20000148   Section      512  startup_stm32f10x_md.o(HEAP)
    Heap_Mem                                 0x20000148   Data         512  startup_stm32f10x_md.o(HEAP)
    STACK                                    0x20000348   Section     1024  startup_stm32f10x_md.o(STACK)
    Stack_Mem                                0x20000348   Data        1024  startup_stm32f10x_md.o(STACK)
    __initial_sp                             0x20000748   Data           0  startup_stm32f10x_md.o(STACK)

    Global Symbols

    Symbol Name                              Value     Ov Type        Size  Object(Section)

    BuildAttributes$$THM_ISAv4$P$D$K$B$S$PE$A:L22UL41UL21$X:L11$S22US41US21$IEEE1$IW$USESV6$~STKCKD$USESV7$~SHL$OTIME$ROPI$IEEEX$EBA8$UX$STANDARDLIB$REQ8$PRES8$EABIv2 0x00000000   Number         0  anon$$obj.o ABSOLUTE
    __ARM_use_no_argv                        0x00000000   Number         0  main.o ABSOLUTE
    __ARM_exceptions_init                     - Undefined Weak Reference
    __alloca_initialize                       - Undefined Weak Reference
    __arm_preinit_                            - Undefined Weak Reference
    __cpp_initialize__aeabi_                  - Undefined Weak Reference
    __cxa_finalize                            - Undefined Weak Reference
    __rt_locale                               - Undefined Weak Reference
    __sigvec_lookup                           - Undefined Weak Reference
    _atexit_init                              - Undefined Weak Reference
    _call_atexit_fns                          - Undefined Weak Reference
    _clock_init                               - Undefined Weak Reference
    _fp_trap_init                             - Undefined Weak Reference
    _fp_trap_shutdown                         - Undefined Weak Reference
    _get_lc_collate                           - Undefined Weak Reference
    _get_lc_ctype                             - Undefined Weak Reference
    _get_lc_monetary                          - Undefined Weak Reference
    _get_lc_numeric                           - Undefined Weak Reference
    _get_lc_time                              - Undefined Weak Reference
    _getenv_init                              - Undefined Weak Reference
    _handle_redirection                       - Undefined Weak Reference
    _init_alloc                               - Undefined Weak Reference
    _init_user_alloc                          - Undefined Weak Reference
    _initio                                   - Undefined Weak Reference
    _rand_init                                - Undefined Weak Reference
    _signal_finish                            - Undefined Weak Reference
    _signal_init                              - Undefined Weak Reference
    _terminate_alloc                          - Undefined Weak Reference
    _terminate_user_alloc                     - Undefined Weak Reference
    _terminateio                              - Undefined Weak Reference
    __Vectors_Size                           0x000000ec   Number         0  startup_stm32f10x_md.o ABSOLUTE
    __Vectors                                0x08000000   Data           4  startup_stm32f10x_md.o(RESET)
    __Vectors_End                            0x080000ec   Data           0  startup_stm32f10x_md.o(RESET)
    __main                                   0x080000ed   Thumb Code     8  __main.o(!!!main)
    __scatterload                            0x080000f5   Thumb Code     0  __scatter.o(!!!scatter)
    __scatterload_rt2                        0x080000f5   Thumb Code    44  __scatter.o(!!!scatter)
    __scatterload_rt2_thumb_only             0x080000f5   Thumb Code     0  __scatter.o(!!!scatter)
    __scatterload_null                       0x08000103   Thumb Code     0  __scatter.o(!!!scatter)
    __scatterload_copy                       0x08000129   Thumb Code    26  __scatter_copy.o(!!handler_copy)
    __scatterload_zeroinit                   0x08000145   Thumb Code    28  __scatter_zi.o(!!handler_zi)
    __rt_lib_init                            0x08000161   Thumb Code     0  libinit.o(.ARM.Collect$$libinit$$00000000)
    __rt_lib_init_alloca_1                   0x08000163   Thumb Code     0  libinit2.o(.ARM.Collect$$libinit$$0000002E)
    __rt_lib_init_argv_1                     0x08000163   Thumb Code     0  libinit2.o(.ARM.Collect$$libinit$$0000002C)
    __rt_lib_init_atexit_1                   0x08000163   Thumb Code     0  libinit2.o(.ARM.Collect$$libinit$$0000001B)
    __rt_lib_init_clock_1                    0x08000163   Thumb Code     0  libinit2.o(.ARM.Collect$$libinit$$00000021)
    __rt_lib_init_cpp_1                      0x08000163   Thumb Code     0  libinit2.o(.ARM.Collect$$libinit$$00000032)
    __rt_lib_init_exceptions_1               0x08000163   Thumb Code     0  libinit2.o(.ARM.Collect$$libinit$$00000030)
    __rt_lib_init_fp_1                       0x08000163   Thumb Code     0  libinit2.o(.ARM.Collect$$libinit$$00000002)
    __rt_lib_init_fp_trap_1                  0x08000163   Thumb Code     0  libinit2.o(.ARM.Collect$$libinit$$0000001F)
    __rt_lib_init_getenv_1                   0x08000163   Thumb Code     0  libinit2.o(.ARM.Collect$$libinit$$00000023)
    __rt_lib_init_heap_1                     0x08000163   Thumb Code     0  libinit2.o(.ARM.Collect$$libinit$$0000000A)
    __rt_lib_init_lc_collate_1               0x08000163   Thumb Code     0  libinit2.o(.ARM.Collect$$libinit$$00000011)
    __rt_lib_init_lc_ctype_1                 0x08000163   Thumb Code     0  libinit2.o(.ARM.Collect$$libinit$$00000013)
    __rt_lib_init_lc_monetary_1              0x08000163   Thumb Code     0  libinit2.o(.ARM.Collect$$libinit$$00000015)
    __rt_lib_init_lc_numeric_1               0x08000163   Thumb Code     0  libinit2.o(.ARM.Collect$$libinit$$00000017)
    __rt_lib_init_lc_time_1                  0x08000163   Thumb Code     0  libinit2.o(.ARM.Collect$$libinit$$00000019)
    __rt_lib_init_preinit_1                  0x08000163   Thumb Code     0  libinit2.o(.ARM.Collect$$libinit$$00000004)
    __rt_lib_init_rand_1                     0x08000163   Thumb Code     0  libinit2.o(.ARM.Collect$$libinit$$0000000E)
    __rt_lib_init_return                     0x08000163   Thumb Code     0  libinit2.o(.ARM.Collect$$libinit$$00000033)
    __rt_lib_init_signal_1                   0x08000163   Thumb Code     0  libinit2.o(.ARM.Collect$$libinit$$0000001D)
    __rt_lib_init_stdio_1                    0x08000163   Thumb Code     0  libinit2.o(.ARM.Collect$$libinit$$00000025)
    __rt_lib_init_user_alloc_1               0x08000163   Thumb Code     0  libinit2.o(.ARM.Collect$$libinit$$0000000C)
    __rt_lib_shutdown                        0x08000165   Thumb Code     0  libshutdown.o(.ARM.Collect$$libshutdown$$00000000)
    __rt_lib_shutdown_cpp_1                  0x08000167   Thumb Code     0  libshutdown2.o(.ARM.Collect$$libshutdown$$00000002)
    __rt_lib_shutdown_fp_trap_1              0x08000167   Thumb Code     0  libshutdown2.o(.ARM.Collect$$libshutdown$$00000007)
    __rt_lib_shutdown_heap_1                 0x08000167   Thumb Code     0  libshutdown2.o(.ARM.Collect$$libshutdown$$0000000F)
    __rt_lib_shutdown_return                 0x08000167   Thumb Code     0  libshutdown2.o(.ARM.Collect$$libshutdown$$00000010)
    __rt_lib_shutdown_signal_1               0x08000167   Thumb Code     0  libshutdown2.o(.ARM.Collect$$libshutdown$$0000000A)
    __rt_lib_shutdown_stdio_1                0x08000167   Thumb Code     0  libshutdown2.o(.ARM.Collect$$libshutdown$$00000004)
    __rt_lib_shutdown_user_alloc_1           0x08000167   Thumb Code     0  libshutdown2.o(.ARM.Collect$$libshutdown$$0000000C)
    __rt_entry                               0x08000169   Thumb Code     0  __rtentry.o(.ARM.Collect$$rtentry$$00000000)
    __rt_entry_presh_1                       0x08000169   Thumb Code     0  __rtentry2.o(.ARM.Collect$$rtentry$$00000002)
    __rt_entry_sh                            0x08000169   Thumb Code     0  __rtentry4.o(.ARM.Collect$$rtentry$$00000004)
    __rt_entry_li                            0x0800016f   Thumb Code     0  __rtentry2.o(.ARM.Collect$$rtentry$$0000000A)
    __rt_entry_postsh_1                      0x0800016f   Thumb Code     0  __rtentry2.o(.ARM.Collect$$rtentry$$00000009)
    __rt_entry_main                          0x08000173   Thumb Code     0  __rtentry2.o(.ARM.Collect$$rtentry$$0000000D)
    __rt_entry_postli_1                      0x08000173   Thumb Code     0  __rtentry2.o(.ARM.Collect$$rtentry$$0000000C)
    __rt_exit                                0x0800017b   Thumb Code     0  rtexit.o(.ARM.Collect$$rtexit$$00000000)
    __rt_exit_ls                             0x0800017d   Thumb Code     0  rtexit2.o(.ARM.Collect$$rtexit$$00000003)
    __rt_exit_prels_1                        0x0800017d   Thumb Code     0  rtexit2.o(.ARM.Collect$$rtexit$$00000002)
    __rt_exit_exit                           0x08000181   Thumb Code     0  rtexit2.o(.ARM.Collect$$rtexit$$00000004)
    Reset_Handler                            0x08000189   Thumb Code     8  startup_stm32f10x_md.o(.text)
    ADC1_2_IRQHandler                        0x080001a3   Thumb Code     0  startup_stm32f10x_md.o(.text)
    CAN1_RX1_IRQHandler                      0x080001a3   Thumb Code     0  startup_stm32f10x_md.o(.text)
    CAN1_SCE_IRQHandler                      0x080001a3   Thumb Code     0  startup_stm32f10x_md.o(.text)
    DMA1_Channel1_IRQHandler                 0x080001a3   Thumb Code     0  startup_stm32f10x_md.o(.text)
    DMA1_Channel2_IRQHandler                 0x080001a3   Thumb Code     0  startup_stm32f10x_md.o(.text)
    DMA1_Channel3_IRQHandler                 0x080001a3   Thumb Code     0  startup_stm32f10x_md.o(.text)
    DMA1_Channel4_IRQHandler                 0x080001a3   Thumb Code     0  startup_stm32f10x_md.o(.text)
    DMA1_Channel5_IRQHandler                 0x080001a3   Thumb Code     0  startup_stm32f10x_md.o(.text)
    DMA1_Channel6_IRQHandler                 0x080001a3   Thumb Code     0  startup_stm32f10x_md.o(.text)
    DMA1_Channel7_IRQHandler                 0x080001a3   Thumb Code     0  startup_stm32f10x_md.o(.text)
    EXTI0_IRQHandler                         0x080001a3   Thumb Code     0  startup_stm32f10x_md.o(.text)
    EXTI15_10_IRQHandler                     0x080001a3   Thumb Code     0  startup_stm32f10x_md.o(.text)
    EXTI1_IRQHandler                         0x080001a3   Thumb Code     0  startup_stm32f10x_md.o(.text)
    EXTI2_IRQHandler                         0x080001a3   Thumb Code     0  startup_stm32f10x_md.o(.text)
    EXTI3_IRQHandler                         0x080001a3   Thumb Code     0  startup_stm32f10x_md.o(.text)
    EXTI4_IRQHandler                         0x080001a3   Thumb Code     0  startup_stm32f10x_md.o(.text)
    FLASH_IRQHandler                         0x080001a3   Thumb Code     0  startup_stm32f10x_md.o(.text)
    I2C1_ER_IRQHandler                       0x080001a3   Thumb Code     0  startup_stm32f10x_md.o(.text)
    I2C1_EV_IRQHandler                       0x080001a3   Thumb Code     0  startup_stm32f10x_md.o(.text)
    I2C2_ER_IRQHandler                       0x080001a3   Thumb Code     0  startup_stm32f10x_md.o(.text)
    I2C2_EV_IRQHandler                       0x080001a3   Thumb Code     0  startup_stm32f10x_md.o(.text)
    PVD_IRQHandler                           0x080001a3   Thumb Code     0  startup_stm32f10x_md.o(.text)
    RCC_IRQHandler                           0x080001a3   Thumb Code     0  startup_stm32f10x_md.o(.text)
    RTCAlarm_IRQHandler                      0x080001a3   Thumb Code     0  startup_stm32f10x_md.o(.text)
    RTC_IRQHandler                           0x080001a3   Thumb Code     0  startup_stm32f10x_md.o(.text)
    SPI1_IRQHandler                          0x080001a3   Thumb Code     0  startup_stm32f10x_md.o(.text)
    SPI2_IRQHandler                          0x080001a3   Thumb Code     0  startup_stm32f10x_md.o(.text)
    TAMPER_IRQHandler                        0x080001a3   Thumb Code     0  startup_stm32f10x_md.o(.text)
    TIM1_BRK_IRQHandler                      0x080001a3   Thumb Code     0  startup_stm32f10x_md.o(.text)
    TIM1_CC_IRQHandler                       0x080001a3   Thumb Code     0  startup_stm32f10x_md.o(.text)
    TIM1_TRG_COM_IRQHandler                  0x080001a3   Thumb Code     0  startup_stm32f10x_md.o(.text)
    TIM1_UP_IRQHandler                       0x080001a3   Thumb Code     0  startup_stm32f10x_md.o(.text)
    TIM2_IRQHandler                          0x080001a3   Thumb Code     0  startup_stm32f10x_md.o(.text)
    TIM4_IRQHandler                          0x080001a3   Thumb Code     0  startup_stm32f10x_md.o(.text)
    USART1_IRQHandler                        0x080001a3   Thumb Code     0  startup_stm32f10x_md.o(.text)
    USART2_IRQHandler                        0x080001a3   Thumb Code     0  startup_stm32f10x_md.o(.text)
    USART3_IRQHandler                        0x080001a3   Thumb Code     0  startup_stm32f10x_md.o(.text)
    USBWakeUp_IRQHandler                     0x080001a3   Thumb Code     0  startup_stm32f10x_md.o(.text)
    USB_HP_CAN1_TX_IRQHandler                0x080001a3   Thumb Code     0  startup_stm32f10x_md.o(.text)
    USB_LP_CAN1_RX0_IRQHandler               0x080001a3   Thumb Code     0  startup_stm32f10x_md.o(.text)
    WWDG_IRQHandler                          0x080001a3   Thumb Code     0  startup_stm32f10x_md.o(.text)
    __user_initial_stackheap                 0x080001a5   Thumb Code     0  startup_stm32f10x_md.o(.text)
    __aeabi_ldivmod                          0x080001c9   Thumb Code     0  llsdiv.o(.text)
    _ll_sdiv                                 0x080001c9   Thumb Code    72  llsdiv.o(.text)
    memcmp                                   0x08000211   Thumb Code    88  memcmp.o(.text)
    __aeabi_memset                           0x08000269   Thumb Code    16  aeabi_memset.o(.text)
    __use_two_region_memory                  0x08000279   Thumb Code     2  heapauxi.o(.text)
    __rt_heap_escrow$2region                 0x0800027b   Thumb Code     2  heapauxi.o(.text)
    __rt_heap_expand$2region                 0x0800027d   Thumb Code     2  heapauxi.o(.text)
    __aeabi_uldivmod                         0x0800027f   Thumb Code     0  lludivv7m.o(.text)
    _ll_udiv                                 0x0800027f   Thumb Code   238  lludivv7m.o(.text)
    __read_errno                             0x0800036d   Thumb Code    10  _rserrno.o(.text)
    __set_errno                              0x08000377   Thumb Code    12  _rserrno.o(.text)
    __aeabi_memclr                           0x08000383   Thumb Code     0  rt_memclr.o(.text)
    __rt_memclr                              0x08000383   Thumb Code    68  rt_memclr.o(.text)
    _memset                                  0x08000387   Thumb Code     0  rt_memclr.o(.text)
    __aeabi_errno_addr                       0x080003c9   Thumb Code     8  rt_errno_addr_intlibspace.o(.text)
    __errno$intlibspace                      0x080003c9   Thumb Code     0  rt_errno_addr_intlibspace.o(.text)
    __rt_errno_addr$intlibspace              0x080003c9   Thumb Code     0  rt_errno_addr_intlibspace.o(.text)
    __aeabi_memclr4                          0x080003d1   Thumb Code     0  rt_memclr_w.o(.text)
    __aeabi_memclr8                          0x080003d1   Thumb Code     0  rt_memclr_w.o(.text)
    __rt_memclr_w                            0x080003d1   Thumb Code    78  rt_memclr_w.o(.text)
    _memset_w                                0x080003d5   Thumb Code     0  rt_memclr_w.o(.text)
    __user_libspace                          0x08000421   Thumb Code     8  libspace.o(.text)
    __user_perproc_libspace                  0x08000421   Thumb Code     0  libspace.o(.text)
    __user_perthread_libspace                0x08000421   Thumb Code     0  libspace.o(.text)
    __user_setup_stackheap                   0x08000429   Thumb Code    74  sys_stackheap_outer.o(.text)
    exit                                     0x08000473   Thumb Code    18  exit.o(.text)
    _sys_exit                                0x08000485   Thumb Code     8  sys_exit.o(.text)
    __I$use$semihosting                      0x08000491   Thumb Code     0  use_no_semi.o(.text)
    __use_no_semihosting_swi                 0x08000491   Thumb Code     2  use_no_semi.o(.text)
    BusFault_Handler                         0x08000493   Thumb Code     4  stm32f10x_it.o(i.BusFault_Handler)
    __semihosting_library_function           0x08000493   Thumb Code     0  indicate_semi.o(.text)
    DebugMon_Handler                         0x08000497   Thumb Code     2  stm32f10x_it.o(i.DebugMon_Handler)
    Delay_ms                                 0x08000499   Thumb Code    24  delay.o(i.Delay_ms)
    Delay_us                                 0x080004b1   Thumb Code    46  delay.o(i.Delay_us)
    EXTI9_5_IRQHandler                       0x080004e1   Thumb Code   324  main.o(i.EXTI9_5_IRQHandler)
    EXTI_ClearITPendingBit                   0x08000661   Thumb Code     6  stm32f10x_exti.o(i.EXTI_ClearITPendingBit)
    EXTI_GetITStatus                         0x0800066d   Thumb Code    34  stm32f10x_exti.o(i.EXTI_GetITStatus)
    EXTI_Init                                0x08000695   Thumb Code   142  stm32f10x_exti.o(i.EXTI_Init)
    Encoder_TIM2_Init                        0x08000729   Thumb Code   158  encoder.o(i.Encoder_TIM2_Init)
    Encoder_TIM4_Init                        0x080007cd   Thumb Code   152  encoder.o(i.Encoder_TIM4_Init)
    GPIO_EXTILineConfig                      0x0800086d   Thumb Code    60  stm32f10x_gpio.o(i.GPIO_EXTILineConfig)
    GPIO_Init                                0x080008ad   Thumb Code   278  stm32f10x_gpio.o(i.GPIO_Init)
    GPIO_PinRemapConfig                      0x080009c5   Thumb Code   138  stm32f10x_gpio.o(i.GPIO_PinRemapConfig)
    GPIO_ResetBits                           0x08000a55   Thumb Code     4  stm32f10x_gpio.o(i.GPIO_ResetBits)
    GPIO_SetBits                             0x08000a59   Thumb Code     4  stm32f10x_gpio.o(i.GPIO_SetBits)
    GPIO_WriteBit                            0x08000a5d   Thumb Code    10  stm32f10x_gpio.o(i.GPIO_WriteBit)
    HardFault_Handler                        0x08000a67   Thumb Code     4  stm32f10x_it.o(i.HardFault_Handler)
    MPU6050_DMP_Get_Data                     0x08000a6d   Thumb Code   544  inv_mpu.o(i.MPU6050_DMP_Get_Data)
    MPU6050_DMP_Init                         0x08000c91   Thumb Code    74  inv_mpu.o(i.MPU6050_DMP_Init)
    MPU6050_IIC_IO_Init                      0x08000ce1   Thumb Code    48  mpu6050_i2c.o(i.MPU6050_IIC_IO_Init)
    MPU6050_IIC_Read_Ack                     0x08000d21   Thumb Code    72  mpu6050_i2c.o(i.MPU6050_IIC_Read_Ack)
    MPU6050_IIC_Read_Byte                    0x08000d71   Thumb Code    86  mpu6050_i2c.o(i.MPU6050_IIC_Read_Byte)
    MPU6050_IIC_SDA_IO_IN                    0x08000dd1   Thumb Code    20  mpu6050_i2c.o(i.MPU6050_IIC_SDA_IO_IN)
    MPU6050_IIC_SDA_IO_OUT                   0x08000de9   Thumb Code    20  mpu6050_i2c.o(i.MPU6050_IIC_SDA_IO_OUT)
    MPU6050_IIC_Send_Ack                     0x08000e01   Thumb Code    48  mpu6050_i2c.o(i.MPU6050_IIC_Send_Ack)
    MPU6050_IIC_Send_Byte                    0x08000e39   Thumb Code    90  mpu6050_i2c.o(i.MPU6050_IIC_Send_Byte)
    MPU6050_IIC_Start                        0x08000e9d   Thumb Code    46  mpu6050_i2c.o(i.MPU6050_IIC_Start)
    MPU6050_IIC_Stop                         0x08000ed5   Thumb Code    52  mpu6050_i2c.o(i.MPU6050_IIC_Stop)
    MPU6050_Init                             0x08000f11   Thumb Code   114  mpu6050.o(i.MPU6050_Init)
    MPU6050_Int_Init                         0x08000f85   Thumb Code    94  mpu6050.o(i.MPU6050_Int_Init)
    MPU_Set_Accel_Fsr                        0x08000fe9   Thumb Code    18  mpu6050.o(i.MPU_Set_Accel_Fsr)
    MPU_Set_Gyro_Fsr                         0x08000ffb   Thumb Code    18  mpu6050.o(i.MPU_Set_Gyro_Fsr)
    MPU_Set_LPF                              0x0800100d   Thumb Code    60  mpu6050.o(i.MPU_Set_LPF)
    MPU_Set_Rate                             0x08001049   Thumb Code    56  mpu6050.o(i.MPU_Set_Rate)
    MemManage_Handler                        0x08001081   Thumb Code     4  stm32f10x_it.o(i.MemManage_Handler)
    Motor_Init                               0x08001085   Thumb Code    44  motor.o(i.Motor_Init)
    Motor_SetLeftSpeed                       0x080010b5   Thumb Code    96  motor.o(i.Motor_SetLeftSpeed)
    Motor_SetRightSpeed                      0x08001119   Thumb Code    96  motor.o(i.Motor_SetRightSpeed)
    My_GPIO_Init                             0x0800117d   Thumb Code   172  sys.o(i.My_GPIO_Init)
    NMI_Handler                              0x0800122d   Thumb Code     2  stm32f10x_it.o(i.NMI_Handler)
    NVIC_Init                                0x08001231   Thumb Code   100  misc.o(i.NVIC_Init)
    NVIC_PriorityGroupConfig                 0x080012a1   Thumb Code    10  misc.o(i.NVIC_PriorityGroupConfig)
    OLED_Clear                               0x080012b5   Thumb Code    42  oled.o(i.OLED_Clear)
    OLED_I2C_Init                            0x080012e1   Thumb Code    76  oled.o(i.OLED_I2C_Init)
    OLED_I2C_SendByte                        0x08001331   Thumb Code    88  oled.o(i.OLED_I2C_SendByte)
    OLED_I2C_Start                           0x0800138d   Thumb Code    48  oled.o(i.OLED_I2C_Start)
    OLED_I2C_Stop                            0x080013c1   Thumb Code    36  oled.o(i.OLED_I2C_Stop)
    OLED_Init                                0x080013e9   Thumb Code   174  oled.o(i.OLED_Init)
    OLED_Pow                                 0x08001497   Thumb Code    20  oled.o(i.OLED_Pow)
    OLED_SetCursor                           0x080014ab   Thumb Code    34  oled.o(i.OLED_SetCursor)
    OLED_ShowChar                            0x080014cd   Thumb Code   110  oled.o(i.OLED_ShowChar)
    OLED_ShowSignedNum                       0x08001541   Thumb Code   102  oled.o(i.OLED_ShowSignedNum)
    OLED_WriteCommand                        0x080015a7   Thumb Code    32  oled.o(i.OLED_WriteCommand)
    OLED_WriteData                           0x080015c7   Thumb Code    32  oled.o(i.OLED_WriteData)
    PID_Update                               0x080015e9   Thumb Code   200  pid.o(i.PID_Update)
    PWM_Init                                 0x080016c1   Thumb Code   174  pwm.o(i.PWM_Init)
    PWM_SetCompare1                          0x08001779   Thumb Code    14  pwm.o(i.PWM_SetCompare1)
    PWM_SetCompare4                          0x0800178d   Thumb Code    14  pwm.o(i.PWM_SetCompare4)
    PendSV_Handler                           0x080017a1   Thumb Code     2  stm32f10x_it.o(i.PendSV_Handler)
    RCC_APB1PeriphClockCmd                   0x080017a5   Thumb Code    26  stm32f10x_rcc.o(i.RCC_APB1PeriphClockCmd)
    RCC_APB2PeriphClockCmd                   0x080017c5   Thumb Code    26  stm32f10x_rcc.o(i.RCC_APB2PeriphClockCmd)
    SVC_Handler                              0x080017e5   Thumb Code     2  stm32f10x_it.o(i.SVC_Handler)
    SysTick_Handler                          0x080018d1   Thumb Code     2  stm32f10x_it.o(i.SysTick_Handler)
    SystemInit                               0x080018d5   Thumb Code    78  system_stm32f10x.o(i.SystemInit)
    TIM2_Encoder_Get                         0x08001b75   Thumb Code    26  encoder.o(i.TIM2_Encoder_Get)
    TIM3_IRQHandler                          0x08001b91   Thumb Code    40  main.o(i.TIM3_IRQHandler)
    TIM4_Encoder_Get                         0x08001bc5   Thumb Code    22  encoder.o(i.TIM4_Encoder_Get)
    TIM_ARRPreloadConfig                     0x08001be1   Thumb Code    24  stm32f10x_tim.o(i.TIM_ARRPreloadConfig)
    TIM_ClearFlag                            0x08001bf9   Thumb Code     6  stm32f10x_tim.o(i.TIM_ClearFlag)
    TIM_ClearITPendingBit                    0x08001bff   Thumb Code     6  stm32f10x_tim.o(i.TIM_ClearITPendingBit)
    TIM_Cmd                                  0x08001c05   Thumb Code    24  stm32f10x_tim.o(i.TIM_Cmd)
    TIM_CtrlPWMOutputs                       0x08001c1d   Thumb Code    30  stm32f10x_tim.o(i.TIM_CtrlPWMOutputs)
    TIM_EncoderInterfaceConfig               0x08001c3b   Thumb Code    66  stm32f10x_tim.o(i.TIM_EncoderInterfaceConfig)
    TIM_GetCounter                           0x08001c7d   Thumb Code     6  stm32f10x_tim.o(i.TIM_GetCounter)
    TIM_GetITStatus                          0x08001c83   Thumb Code    34  stm32f10x_tim.o(i.TIM_GetITStatus)
    TIM_ICInit                               0x08001ca5   Thumb Code   150  stm32f10x_tim.o(i.TIM_ICInit)
    TIM_ICStructInit                         0x08001d51   Thumb Code    18  stm32f10x_tim.o(i.TIM_ICStructInit)
    TIM_ITConfig                             0x08001d63   Thumb Code    18  stm32f10x_tim.o(i.TIM_ITConfig)
    TIM_InternalClockConfig                  0x08001d75   Thumb Code    12  stm32f10x_tim.o(i.TIM_InternalClockConfig)
    TIM_OC1Init                              0x08001d81   Thumb Code   132  stm32f10x_tim.o(i.TIM_OC1Init)
    TIM_OC1PreloadConfig                     0x08001e19   Thumb Code    18  stm32f10x_tim.o(i.TIM_OC1PreloadConfig)
    TIM_OC4Init                              0x08001e2d   Thumb Code   114  stm32f10x_tim.o(i.TIM_OC4Init)
    TIM_OC4PreloadConfig                     0x08001ea9   Thumb Code    26  stm32f10x_tim.o(i.TIM_OC4PreloadConfig)
    TIM_OCStructInit                         0x08001ec3   Thumb Code    20  stm32f10x_tim.o(i.TIM_OCStructInit)
    TIM_SetCompare1                          0x08001ed7   Thumb Code     4  stm32f10x_tim.o(i.TIM_SetCompare1)
    TIM_SetCompare4                          0x08001edb   Thumb Code     6  stm32f10x_tim.o(i.TIM_SetCompare4)
    TIM_SetCounter                           0x08001ee1   Thumb Code     4  stm32f10x_tim.o(i.TIM_SetCounter)
    TIM_SetIC1Prescaler                      0x08001ee5   Thumb Code    18  stm32f10x_tim.o(i.TIM_SetIC1Prescaler)
    TIM_SetIC2Prescaler                      0x08001ef7   Thumb Code    26  stm32f10x_tim.o(i.TIM_SetIC2Prescaler)
    TIM_SetIC3Prescaler                      0x08001f11   Thumb Code    18  stm32f10x_tim.o(i.TIM_SetIC3Prescaler)
    TIM_SetIC4Prescaler                      0x08001f23   Thumb Code    26  stm32f10x_tim.o(i.TIM_SetIC4Prescaler)
    TIM_TimeBaseInit                         0x08001f3d   Thumb Code   122  stm32f10x_tim.o(i.TIM_TimeBaseInit)
    Timer3_Init                              0x08001fe1   Thumb Code   122  timer.o(i.Timer3_Init)
    UsageFault_Handler                       0x08002061   Thumb Code     4  stm32f10x_it.o(i.UsageFault_Handler)
    __ARM_fpclassify                         0x08002065   Thumb Code    40  fpclassify.o(i.__ARM_fpclassify)
    __kernel_poly                            0x0800208d   Thumb Code   170  poly.o(i.__kernel_poly)
    __mathlib_dbl_infnan                     0x08002137   Thumb Code     6  dunder.o(i.__mathlib_dbl_infnan)
    __mathlib_dbl_infnan2                    0x0800213d   Thumb Code     4  dunder.o(i.__mathlib_dbl_infnan2)
    __mathlib_dbl_invalid                    0x08002141   Thumb Code    12  dunder.o(i.__mathlib_dbl_invalid)
    __mathlib_dbl_underflow                  0x0800214d   Thumb Code    10  dunder.o(i.__mathlib_dbl_underflow)
    asin                                     0x08002205   Thumb Code   572  asin.o(i.asin)
    atan                                     0x08002475   Thumb Code   474  atan.o(i.atan)
    atan2                                    0x08002695   Thumb Code   346  atan2.o(i.atan2)
    dmp_enable_6x_lp_quat                    0x08002879   Thumb Code    60  inv_mpu_dmp_motion_driver.o(i.dmp_enable_6x_lp_quat)
    dmp_enable_feature                       0x080028b5   Thumb Code   530  inv_mpu_dmp_motion_driver.o(i.dmp_enable_feature)
    dmp_enable_gyro_cal                      0x08002ad1   Thumb Code    62  inv_mpu_dmp_motion_driver.o(i.dmp_enable_gyro_cal)
    dmp_enable_lp_quat                       0x08002b29   Thumb Code    60  inv_mpu_dmp_motion_driver.o(i.dmp_enable_lp_quat)
    dmp_load_motion_driver_firmware          0x08002b65   Thumb Code    20  inv_mpu_dmp_motion_driver.o(i.dmp_load_motion_driver_firmware)
    dmp_read_fifo                            0x08002b7d   Thumb Code   450  inv_mpu_dmp_motion_driver.o(i.dmp_read_fifo)
    dmp_set_accel_bias                       0x08002d45   Thumb Code   300  inv_mpu_dmp_motion_driver.o(i.dmp_set_accel_bias)
    dmp_set_fifo_rate                        0x08002e75   Thumb Code    96  inv_mpu_dmp_motion_driver.o(i.dmp_set_fifo_rate)
    dmp_set_gyro_bias                        0x08002ee5   Thumb Code   294  inv_mpu_dmp_motion_driver.o(i.dmp_set_gyro_bias)
    dmp_set_orientation                      0x08003015   Thumb Code   290  inv_mpu_dmp_motion_driver.o(i.dmp_set_orientation)
    dmp_set_shake_reject_thresh              0x0800314d   Thumb Code    56  inv_mpu_dmp_motion_driver.o(i.dmp_set_shake_reject_thresh)
    dmp_set_shake_reject_time                0x08003185   Thumb Code    38  inv_mpu_dmp_motion_driver.o(i.dmp_set_shake_reject_time)
    dmp_set_shake_reject_timeout             0x080031ab   Thumb Code    38  inv_mpu_dmp_motion_driver.o(i.dmp_set_shake_reject_timeout)
    dmp_set_tap_axes                         0x080031d1   Thumb Code    70  inv_mpu_dmp_motion_driver.o(i.dmp_set_tap_axes)
    dmp_set_tap_count                        0x08003217   Thumb Code    38  inv_mpu_dmp_motion_driver.o(i.dmp_set_tap_count)
    dmp_set_tap_thresh                       0x0800323d   Thumb Code   396  inv_mpu_dmp_motion_driver.o(i.dmp_set_tap_thresh)
    dmp_set_tap_time                         0x080033dd   Thumb Code    38  inv_mpu_dmp_motion_driver.o(i.dmp_set_tap_time)
    dmp_set_tap_time_multi                   0x08003403   Thumb Code    38  inv_mpu_dmp_motion_driver.o(i.dmp_set_tap_time_multi)
    inv_orientation_matrix_to_scalar         0x08003a5d   Thumb Code    40  inv_mpu.o(i.inv_orientation_matrix_to_scalar)
    inv_row_2_scale                          0x08003a85   Thumb Code    78  inv_mpu.o(i.inv_row_2_scale)
    main                                     0x08003ad5   Thumb Code    72  main.o(i.main)
    mpu6050_read                             0x08003b29   Thumb Code    92  mpu6050.o(i.mpu6050_read)
    mpu6050_read_reg                         0x08003b85   Thumb Code    22  mpu6050.o(i.mpu6050_read_reg)
    mpu6050_write                            0x08003b9b   Thumb Code    68  mpu6050.o(i.mpu6050_write)
    mpu6050_write_reg                        0x08003bdf   Thumb Code    18  mpu6050.o(i.mpu6050_write_reg)
    mpu_configure_fifo                       0x08003bf1   Thumb Code   106  inv_mpu.o(i.mpu_configure_fifo)
    mpu_get_accel_fsr                        0x08003c61   Thumb Code    72  inv_mpu.o(i.mpu_get_accel_fsr)
    mpu_get_accel_sens                       0x08003cad   Thumb Code    78  inv_mpu.o(i.mpu_get_accel_sens)
    mpu_get_fifo_config                      0x08003d01   Thumb Code    12  inv_mpu.o(i.mpu_get_fifo_config)
    mpu_get_gyro_fsr                         0x08003d11   Thumb Code    64  inv_mpu.o(i.mpu_get_gyro_fsr)
    mpu_get_gyro_sens                        0x08003d55   Thumb Code    58  inv_mpu.o(i.mpu_get_gyro_sens)
    mpu_get_lpf                              0x08003da5   Thumb Code    74  inv_mpu.o(i.mpu_get_lpf)
    mpu_get_sample_rate                      0x08003df5   Thumb Code    26  inv_mpu.o(i.mpu_get_sample_rate)
    mpu_init                                 0x08003e15   Thumb Code   396  inv_mpu.o(i.mpu_init)
    mpu_load_firmware                        0x08003fa5   Thumb Code   180  inv_mpu.o(i.mpu_load_firmware)
    mpu_lp_accel_mode                        0x0800405d   Thumb Code   218  inv_mpu.o(i.mpu_lp_accel_mode)
    mpu_read_fifo_stream                     0x0800413d   Thumb Code   186  inv_mpu.o(i.mpu_read_fifo_stream)
    mpu_read_mem                             0x080041fd   Thumb Code   122  inv_mpu.o(i.mpu_read_mem)
    mpu_reset_fifo                           0x0800427d   Thumb Code   450  inv_mpu.o(i.mpu_reset_fifo)
    mpu_run_self_test                        0x08004445   Thumb Code   278  inv_mpu.o(i.mpu_run_self_test)
    mpu_set_accel_fsr                        0x08004561   Thumb Code   126  inv_mpu.o(i.mpu_set_accel_fsr)
    mpu_set_bypass                           0x080045e5   Thumb Code   328  inv_mpu.o(i.mpu_set_bypass)
    mpu_set_dmp_state                        0x08004731   Thumb Code   138  inv_mpu.o(i.mpu_set_dmp_state)
    mpu_set_gyro_fsr                         0x080047c1   Thumb Code   132  inv_mpu.o(i.mpu_set_gyro_fsr)
    mpu_set_int_latched                      0x08004849   Thumb Code   102  inv_mpu.o(i.mpu_set_int_latched)
    mpu_set_lpf                              0x080048b5   Thumb Code   126  inv_mpu.o(i.mpu_set_lpf)
    mpu_set_sample_rate                      0x08004939   Thumb Code   152  inv_mpu.o(i.mpu_set_sample_rate)
    mpu_set_sensors                          0x080049d5   Thumb Code   202  inv_mpu.o(i.mpu_set_sensors)
    mpu_write_mem                            0x08004aa5   Thumb Code   122  inv_mpu.o(i.mpu_write_mem)
    power                                    0x08004b25   Thumb Code    20  sys.o(i.power)
    run_self_test                            0x08004b39   Thumb Code   148  inv_mpu.o(i.run_self_test)
    sqrt                                     0x08004c5d   Thumb Code    76  sqrt.o(i.sqrt)
    __aeabi_d2f                              0x08004ca9   Thumb Code     0  d2f.o(x$fpl$d2f)
    _d2f                                     0x08004ca9   Thumb Code    98  d2f.o(x$fpl$d2f)
    __aeabi_dadd                             0x08004d0d   Thumb Code     0  daddsub_clz.o(x$fpl$dadd)
    _dadd                                    0x08004d0d   Thumb Code   332  daddsub_clz.o(x$fpl$dadd)
    __fpl_dcheck_NaN1                        0x08004e5d   Thumb Code    10  dcheck1.o(x$fpl$dcheck1)
    __aeabi_ddiv                             0x08004e6d   Thumb Code     0  ddiv.o(x$fpl$ddiv)
    _ddiv                                    0x08004e6d   Thumb Code   552  ddiv.o(x$fpl$ddiv)
    __aeabi_dmul                             0x0800511d   Thumb Code     0  dmul.o(x$fpl$dmul)
    _dmul                                    0x0800511d   Thumb Code   332  dmul.o(x$fpl$dmul)
    __fpl_dnaninf                            0x08005271   Thumb Code   156  dnaninf.o(x$fpl$dnaninf)
    __fpl_dretinf                            0x0800530d   Thumb Code    12  dretinf.o(x$fpl$dretinf)
    __aeabi_drsub                            0x08005319   Thumb Code     0  daddsub_clz.o(x$fpl$drsb)
    _drsb                                    0x08005319   Thumb Code    22  daddsub_clz.o(x$fpl$drsb)
    _dsqrt                                   0x08005331   Thumb Code   456  dsqrt_noumaal.o(x$fpl$dsqrt)
    __aeabi_dsub                             0x080054fd   Thumb Code     0  daddsub_clz.o(x$fpl$dsub)
    _dsub                                    0x080054fd   Thumb Code   464  daddsub_clz.o(x$fpl$dsub)
    __aeabi_f2d                              0x080056d1   Thumb Code     0  f2d.o(x$fpl$f2d)
    _f2d                                     0x080056d1   Thumb Code    86  f2d.o(x$fpl$f2d)
    __aeabi_fadd                             0x08005729   Thumb Code     0  faddsub_clz.o(x$fpl$fadd)
    _fadd                                    0x08005729   Thumb Code   196  faddsub_clz.o(x$fpl$fadd)
    __fpl_fcmp_Inf                           0x080057ed   Thumb Code    24  fcmpi.o(x$fpl$fcmpinf)
    __aeabi_fdiv                             0x08005805   Thumb Code     0  fdiv.o(x$fpl$fdiv)
    _fdiv                                    0x08005805   Thumb Code   384  fdiv.o(x$fpl$fdiv)
    __aeabi_cfcmpeq                          0x08005989   Thumb Code     0  feqf.o(x$fpl$feqf)
    _fcmpeq                                  0x08005989   Thumb Code   104  feqf.o(x$fpl$feqf)
    __aeabi_f2iz                             0x080059f1   Thumb Code     0  ffix.o(x$fpl$ffix)
    _ffix                                    0x080059f1   Thumb Code    54  ffix.o(x$fpl$ffix)
    __aeabi_f2uiz                            0x08005a29   Thumb Code     0  ffixu.o(x$fpl$ffixu)
    _ffixu                                   0x08005a29   Thumb Code    62  ffixu.o(x$fpl$ffixu)
    __aeabi_i2f                              0x08005a69   Thumb Code     0  fflt_clz.o(x$fpl$fflt)
    _fflt                                    0x08005a69   Thumb Code    48  fflt_clz.o(x$fpl$fflt)
    __aeabi_ui2f                             0x08005a99   Thumb Code     0  fflt_clz.o(x$fpl$ffltu)
    _ffltu                                   0x08005a99   Thumb Code    38  fflt_clz.o(x$fpl$ffltu)
    __aeabi_cfcmple                          0x08005ac1   Thumb Code     0  fleqf.o(x$fpl$fleqf)
    _fcmple                                  0x08005ac1   Thumb Code   104  fleqf.o(x$fpl$fleqf)
    __fpl_fcmple_InfNaN                      0x08005b13   Thumb Code     0  fleqf.o(x$fpl$fleqf)
    __aeabi_fmul                             0x08005b29   Thumb Code     0  fmul.o(x$fpl$fmul)
    _fmul                                    0x08005b29   Thumb Code   258  fmul.o(x$fpl$fmul)
    __fpl_fnaninf                            0x08005c2b   Thumb Code   140  fnaninf.o(x$fpl$fnaninf)
    __fpl_fretinf                            0x08005cb7   Thumb Code    10  fretinf.o(x$fpl$fretinf)
    __aeabi_cfrcmple                         0x08005cc1   Thumb Code     0  frleqf.o(x$fpl$frleqf)
    _frcmple                                 0x08005cc1   Thumb Code    98  frleqf.o(x$fpl$frleqf)
    __aeabi_fsub                             0x08005d25   Thumb Code     0  faddsub_clz.o(x$fpl$fsub)
    _fsub                                    0x08005d25   Thumb Code   234  faddsub_clz.o(x$fpl$fsub)
    __fpl_return_NaN                         0x08005e0f   Thumb Code   100  retnan.o(x$fpl$retnan)
    __ARM_scalbn                             0x08005e73   Thumb Code    92  scalbn.o(x$fpl$scalbn)
    __fpl_cmpreturn                          0x08005ecf   Thumb Code    48  trapv.o(x$fpl$trapveneer)
    OLED_F8x16                               0x08005efe   Data        1520  oled.o(.constdata)
    __I$use$fp                               0x08005efe   Number         0  usenofp.o(x$fpl$usenofp)
    hw                                       0x080064f0   Data          12  inv_mpu.o(.constdata)
    reg                                      0x080064fc   Data          27  inv_mpu.o(.constdata)
    test                                     0x08006518   Data          40  inv_mpu.o(.constdata)
    __mathlib_zero                           0x08007220   Data           8  qnan.o(.constdata)
    Region$$Table$$Base                      0x08007228   Number         0  anon$$obj.o(Region$$Table)
    Region$$Table$$Limit                     0x08007248   Number         0  anon$$obj.o(Region$$Table)
    Speed_Left                               0x20000000   Data           2  main.o(.data)
    Speed_Right                              0x20000002   Data           2  main.o(.data)
    Angle                                    0x20000004   Data           4  main.o(.data)
    angle_offset                             0x20000008   Data           4  main.o(.data)
    Pitch                                    0x2000000c   Data           4  main.o(.data)
    Roll                                     0x20000010   Data           4  main.o(.data)
    Yaw                                      0x20000014   Data           4  main.o(.data)
    ax                                       0x20000018   Data           2  main.o(.data)
    ay                                       0x2000001a   Data           2  main.o(.data)
    az                                       0x2000001c   Data           2  main.o(.data)
    gx                                       0x2000001e   Data           2  main.o(.data)
    gy                                       0x20000020   Data           2  main.o(.data)
    gz                                       0x20000022   Data           2  main.o(.data)
    Speed_Average                            0x20000024   Data           2  main.o(.data)
    AnglePID                                 0x20000028   Data          52  main.o(.data)
    SpeedPID                                 0x2000005c   Data          52  main.o(.data)
    __libspace_start                         0x200000e8   Data          96  libspace.o(.bss)
    __temporary_stack_top$libspace           0x20000148   Data           0  libspace.o(.bss)



==============================================================================

Memory Map of the image

  Image Entry point : 0x080000ed

  Load Region LR_IROM1 (Base: 0x08000000, Size: 0x00007320, Max: 0x00010000, ABSOLUTE)

    Execution Region ER_IROM1 (Exec base: 0x08000000, Load base: 0x08000000, Size: 0x00007248, Max: 0x00010000, ABSOLUTE)

    Exec Addr    Load Addr    Size         Type   Attr      Idx    E Section Name        Object

    0x08000000   0x08000000   0x000000ec   Data   RO            3    RESET               startup_stm32f10x_md.o
    0x080000ec   0x080000ec   0x00000008   Code   RO         4310  * !!!main             c_w.l(__main.o)
    0x080000f4   0x080000f4   0x00000034   Code   RO         4628    !!!scatter          c_w.l(__scatter.o)
    0x08000128   0x08000128   0x0000001a   Code   RO         4630    !!handler_copy      c_w.l(__scatter_copy.o)
    0x08000142   0x08000142   0x00000002   PAD
    0x08000144   0x08000144   0x0000001c   Code   RO         4632    !!handler_zi        c_w.l(__scatter_zi.o)
    0x08000160   0x08000160   0x00000002   Code   RO         4491    .ARM.Collect$$libinit$$00000000  c_w.l(libinit.o)
    0x08000162   0x08000162   0x00000000   Code   RO         4503    .ARM.Collect$$libinit$$00000002  c_w.l(libinit2.o)
    0x08000162   0x08000162   0x00000000   Code   RO         4505    .ARM.Collect$$libinit$$00000004  c_w.l(libinit2.o)
    0x08000162   0x08000162   0x00000000   Code   RO         4508    .ARM.Collect$$libinit$$0000000A  c_w.l(libinit2.o)
    0x08000162   0x08000162   0x00000000   Code   RO         4510    .ARM.Collect$$libinit$$0000000C  c_w.l(libinit2.o)
    0x08000162   0x08000162   0x00000000   Code   RO         4512    .ARM.Collect$$libinit$$0000000E  c_w.l(libinit2.o)
    0x08000162   0x08000162   0x00000000   Code   RO         4515    .ARM.Collect$$libinit$$00000011  c_w.l(libinit2.o)
    0x08000162   0x08000162   0x00000000   Code   RO         4517    .ARM.Collect$$libinit$$00000013  c_w.l(libinit2.o)
    0x08000162   0x08000162   0x00000000   Code   RO         4519    .ARM.Collect$$libinit$$00000015  c_w.l(libinit2.o)
    0x08000162   0x08000162   0x00000000   Code   RO         4521    .ARM.Collect$$libinit$$00000017  c_w.l(libinit2.o)
    0x08000162   0x08000162   0x00000000   Code   RO         4523    .ARM.Collect$$libinit$$00000019  c_w.l(libinit2.o)
    0x08000162   0x08000162   0x00000000   Code   RO         4525    .ARM.Collect$$libinit$$0000001B  c_w.l(libinit2.o)
    0x08000162   0x08000162   0x00000000   Code   RO         4527    .ARM.Collect$$libinit$$0000001D  c_w.l(libinit2.o)
    0x08000162   0x08000162   0x00000000   Code   RO         4529    .ARM.Collect$$libinit$$0000001F  c_w.l(libinit2.o)
    0x08000162   0x08000162   0x00000000   Code   RO         4531    .ARM.Collect$$libinit$$00000021  c_w.l(libinit2.o)
    0x08000162   0x08000162   0x00000000   Code   RO         4533    .ARM.Collect$$libinit$$00000023  c_w.l(libinit2.o)
    0x08000162   0x08000162   0x00000000   Code   RO         4535    .ARM.Collect$$libinit$$00000025  c_w.l(libinit2.o)
    0x08000162   0x08000162   0x00000000   Code   RO         4539    .ARM.Collect$$libinit$$0000002C  c_w.l(libinit2.o)
    0x08000162   0x08000162   0x00000000   Code   RO         4541    .ARM.Collect$$libinit$$0000002E  c_w.l(libinit2.o)
    0x08000162   0x08000162   0x00000000   Code   RO         4543    .ARM.Collect$$libinit$$00000030  c_w.l(libinit2.o)
    0x08000162   0x08000162   0x00000000   Code   RO         4545    .ARM.Collect$$libinit$$00000032  c_w.l(libinit2.o)
    0x08000162   0x08000162   0x00000002   Code   RO         4546    .ARM.Collect$$libinit$$00000033  c_w.l(libinit2.o)
    0x08000164   0x08000164   0x00000002   Code   RO         4578    .ARM.Collect$$libshutdown$$00000000  c_w.l(libshutdown.o)
    0x08000166   0x08000166   0x00000000   Code   RO         4595    .ARM.Collect$$libshutdown$$00000002  c_w.l(libshutdown2.o)
    0x08000166   0x08000166   0x00000000   Code   RO         4597    .ARM.Collect$$libshutdown$$00000004  c_w.l(libshutdown2.o)
    0x08000166   0x08000166   0x00000000   Code   RO         4600    .ARM.Collect$$libshutdown$$00000007  c_w.l(libshutdown2.o)
    0x08000166   0x08000166   0x00000000   Code   RO         4603    .ARM.Collect$$libshutdown$$0000000A  c_w.l(libshutdown2.o)
    0x08000166   0x08000166   0x00000000   Code   RO         4605    .ARM.Collect$$libshutdown$$0000000C  c_w.l(libshutdown2.o)
    0x08000166   0x08000166   0x00000000   Code   RO         4608    .ARM.Collect$$libshutdown$$0000000F  c_w.l(libshutdown2.o)
    0x08000166   0x08000166   0x00000002   Code   RO         4609    .ARM.Collect$$libshutdown$$00000010  c_w.l(libshutdown2.o)
    0x08000168   0x08000168   0x00000000   Code   RO         4388    .ARM.Collect$$rtentry$$00000000  c_w.l(__rtentry.o)
    0x08000168   0x08000168   0x00000000   Code   RO         4446    .ARM.Collect$$rtentry$$00000002  c_w.l(__rtentry2.o)
    0x08000168   0x08000168   0x00000006   Code   RO         4458    .ARM.Collect$$rtentry$$00000004  c_w.l(__rtentry4.o)
    0x0800016e   0x0800016e   0x00000000   Code   RO         4448    .ARM.Collect$$rtentry$$00000009  c_w.l(__rtentry2.o)
    0x0800016e   0x0800016e   0x00000004   Code   RO         4449    .ARM.Collect$$rtentry$$0000000A  c_w.l(__rtentry2.o)
    0x08000172   0x08000172   0x00000000   Code   RO         4451    .ARM.Collect$$rtentry$$0000000C  c_w.l(__rtentry2.o)
    0x08000172   0x08000172   0x00000008   Code   RO         4452    .ARM.Collect$$rtentry$$0000000D  c_w.l(__rtentry2.o)
    0x0800017a   0x0800017a   0x00000002   Code   RO         4496    .ARM.Collect$$rtexit$$00000000  c_w.l(rtexit.o)
    0x0800017c   0x0800017c   0x00000000   Code   RO         4550    .ARM.Collect$$rtexit$$00000002  c_w.l(rtexit2.o)
    0x0800017c   0x0800017c   0x00000004   Code   RO         4551    .ARM.Collect$$rtexit$$00000003  c_w.l(rtexit2.o)
    0x08000180   0x08000180   0x00000006   Code   RO         4552    .ARM.Collect$$rtexit$$00000004  c_w.l(rtexit2.o)
    0x08000186   0x08000186   0x00000002   PAD
    0x08000188   0x08000188   0x00000040   Code   RO            4    .text               startup_stm32f10x_md.o
    0x080001c8   0x080001c8   0x00000048   Code   RO         4302    .text               c_w.l(llsdiv.o)
    0x08000210   0x08000210   0x00000058   Code   RO         4304    .text               c_w.l(memcmp.o)
    0x08000268   0x08000268   0x00000010   Code   RO         4306    .text               c_w.l(aeabi_memset.o)
    0x08000278   0x08000278   0x00000006   Code   RO         4308    .text               c_w.l(heapauxi.o)
    0x0800027e   0x0800027e   0x000000ee   Code   RO         4389    .text               c_w.l(lludivv7m.o)
    0x0800036c   0x0800036c   0x00000016   Code   RO         4391    .text               c_w.l(_rserrno.o)
    0x08000382   0x08000382   0x00000044   Code   RO         4393    .text               c_w.l(rt_memclr.o)
    0x080003c6   0x080003c6   0x00000002   PAD
    0x080003c8   0x080003c8   0x00000008   Code   RO         4467    .text               c_w.l(rt_errno_addr_intlibspace.o)
    0x080003d0   0x080003d0   0x0000004e   Code   RO         4469    .text               c_w.l(rt_memclr_w.o)
    0x0800041e   0x0800041e   0x00000002   PAD
    0x08000420   0x08000420   0x00000008   Code   RO         4477    .text               c_w.l(libspace.o)
    0x08000428   0x08000428   0x0000004a   Code   RO         4480    .text               c_w.l(sys_stackheap_outer.o)
    0x08000472   0x08000472   0x00000012   Code   RO         4484    .text               c_w.l(exit.o)
    0x08000484   0x08000484   0x0000000c   Code   RO         4566    .text               c_w.l(sys_exit.o)
    0x08000490   0x08000490   0x00000002   Code   RO         4583    .text               c_w.l(use_no_semi.o)
    0x08000492   0x08000492   0x00000000   Code   RO         4585    .text               c_w.l(indicate_semi.o)
    0x08000492   0x08000492   0x00000004   Code   RO         3562    i.BusFault_Handler  stm32f10x_it.o
    0x08000496   0x08000496   0x00000002   Code   RO         3563    i.DebugMon_Handler  stm32f10x_it.o
    0x08000498   0x08000498   0x00000018   Code   RO         3196    i.Delay_ms          delay.o
    0x080004b0   0x080004b0   0x0000002e   Code   RO         3198    i.Delay_us          delay.o
    0x080004de   0x080004de   0x00000002   PAD
    0x080004e0   0x080004e0   0x00000180   Code   RO         3505    i.EXTI9_5_IRQHandler  main.o
    0x08000660   0x08000660   0x0000000c   Code   RO          985    i.EXTI_ClearITPendingBit  stm32f10x_exti.o
    0x0800066c   0x0800066c   0x00000028   Code   RO          989    i.EXTI_GetITStatus  stm32f10x_exti.o
    0x08000694   0x08000694   0x00000094   Code   RO          990    i.EXTI_Init         stm32f10x_exti.o
    0x08000728   0x08000728   0x000000a4   Code   RO         3475    i.Encoder_TIM2_Init  encoder.o
    0x080007cc   0x080007cc   0x000000a0   Code   RO         3476    i.Encoder_TIM4_Init  encoder.o
    0x0800086c   0x0800086c   0x00000040   Code   RO         1344    i.GPIO_EXTILineConfig  stm32f10x_gpio.o
    0x080008ac   0x080008ac   0x00000116   Code   RO         1347    i.GPIO_Init         stm32f10x_gpio.o
    0x080009c2   0x080009c2   0x00000002   PAD
    0x080009c4   0x080009c4   0x00000090   Code   RO         1349    i.GPIO_PinRemapConfig  stm32f10x_gpio.o
    0x08000a54   0x08000a54   0x00000004   Code   RO         1354    i.GPIO_ResetBits    stm32f10x_gpio.o
    0x08000a58   0x08000a58   0x00000004   Code   RO         1355    i.GPIO_SetBits      stm32f10x_gpio.o
    0x08000a5c   0x08000a5c   0x0000000a   Code   RO         1358    i.GPIO_WriteBit     stm32f10x_gpio.o
    0x08000a66   0x08000a66   0x00000004   Code   RO         3564    i.HardFault_Handler  stm32f10x_it.o
    0x08000a6a   0x08000a6a   0x00000002   PAD
    0x08000a6c   0x08000a6c   0x00000224   Code   RO         3637    i.MPU6050_DMP_Get_Data  inv_mpu.o
    0x08000c90   0x08000c90   0x00000050   Code   RO         3638    i.MPU6050_DMP_Init  inv_mpu.o
    0x08000ce0   0x08000ce0   0x00000040   Code   RO         4240    i.MPU6050_IIC_IO_Init  mpu6050_i2c.o
    0x08000d20   0x08000d20   0x00000050   Code   RO         4241    i.MPU6050_IIC_Read_Ack  mpu6050_i2c.o
    0x08000d70   0x08000d70   0x00000060   Code   RO         4242    i.MPU6050_IIC_Read_Byte  mpu6050_i2c.o
    0x08000dd0   0x08000dd0   0x00000018   Code   RO         4243    i.MPU6050_IIC_SDA_IO_IN  mpu6050_i2c.o
    0x08000de8   0x08000de8   0x00000018   Code   RO         4244    i.MPU6050_IIC_SDA_IO_OUT  mpu6050_i2c.o
    0x08000e00   0x08000e00   0x00000038   Code   RO         4245    i.MPU6050_IIC_Send_Ack  mpu6050_i2c.o
    0x08000e38   0x08000e38   0x00000064   Code   RO         4246    i.MPU6050_IIC_Send_Byte  mpu6050_i2c.o
    0x08000e9c   0x08000e9c   0x00000038   Code   RO         4247    i.MPU6050_IIC_Start  mpu6050_i2c.o
    0x08000ed4   0x08000ed4   0x0000003c   Code   RO         4248    i.MPU6050_IIC_Stop  mpu6050_i2c.o
    0x08000f10   0x08000f10   0x00000072   Code   RO         4156    i.MPU6050_Init      mpu6050.o
    0x08000f82   0x08000f82   0x00000002   PAD
    0x08000f84   0x08000f84   0x00000064   Code   RO         4157    i.MPU6050_Int_Init  mpu6050.o
    0x08000fe8   0x08000fe8   0x00000012   Code   RO         4161    i.MPU_Set_Accel_Fsr  mpu6050.o
    0x08000ffa   0x08000ffa   0x00000012   Code   RO         4162    i.MPU_Set_Gyro_Fsr  mpu6050.o
    0x0800100c   0x0800100c   0x0000003c   Code   RO         4163    i.MPU_Set_LPF       mpu6050.o
    0x08001048   0x08001048   0x00000038   Code   RO         4164    i.MPU_Set_Rate      mpu6050.o
    0x08001080   0x08001080   0x00000004   Code   RO         3565    i.MemManage_Handler  stm32f10x_it.o
    0x08001084   0x08001084   0x00000030   Code   RO         3439    i.Motor_Init        motor.o
    0x080010b4   0x080010b4   0x00000064   Code   RO         3440    i.Motor_SetLeftSpeed  motor.o
    0x08001118   0x08001118   0x00000064   Code   RO         3441    i.Motor_SetRightSpeed  motor.o
    0x0800117c   0x0800117c   0x000000b0   Code   RO         3235    i.My_GPIO_Init      sys.o
    0x0800122c   0x0800122c   0x00000002   Code   RO         3566    i.NMI_Handler       stm32f10x_it.o
    0x0800122e   0x0800122e   0x00000002   PAD
    0x08001230   0x08001230   0x00000070   Code   RO          137    i.NVIC_Init         misc.o
    0x080012a0   0x080012a0   0x00000014   Code   RO          138    i.NVIC_PriorityGroupConfig  misc.o
    0x080012b4   0x080012b4   0x0000002a   Code   RO         3307    i.OLED_Clear        oled.o
    0x080012de   0x080012de   0x00000002   PAD
    0x080012e0   0x080012e0   0x00000050   Code   RO         3308    i.OLED_I2C_Init     oled.o
    0x08001330   0x08001330   0x0000005c   Code   RO         3309    i.OLED_I2C_SendByte  oled.o
    0x0800138c   0x0800138c   0x00000034   Code   RO         3310    i.OLED_I2C_Start    oled.o
    0x080013c0   0x080013c0   0x00000028   Code   RO         3311    i.OLED_I2C_Stop     oled.o
    0x080013e8   0x080013e8   0x000000ae   Code   RO         3312    i.OLED_Init         oled.o
    0x08001496   0x08001496   0x00000014   Code   RO         3313    i.OLED_Pow          oled.o
    0x080014aa   0x080014aa   0x00000022   Code   RO         3314    i.OLED_SetCursor    oled.o
    0x080014cc   0x080014cc   0x00000074   Code   RO         3316    i.OLED_ShowChar     oled.o
    0x08001540   0x08001540   0x00000066   Code   RO         3319    i.OLED_ShowSignedNum  oled.o
    0x080015a6   0x080015a6   0x00000020   Code   RO         3321    i.OLED_WriteCommand  oled.o
    0x080015c6   0x080015c6   0x00000020   Code   RO         3322    i.OLED_WriteData    oled.o
    0x080015e6   0x080015e6   0x00000002   PAD
    0x080015e8   0x080015e8   0x000000d8   Code   RO         3625    i.PID_Update        pid.o
    0x080016c0   0x080016c0   0x000000b8   Code   RO         3415    i.PWM_Init          pwm.o
    0x08001778   0x08001778   0x00000014   Code   RO         3416    i.PWM_SetCompare1   pwm.o
    0x0800178c   0x0800178c   0x00000014   Code   RO         3417    i.PWM_SetCompare4   pwm.o
    0x080017a0   0x080017a0   0x00000002   Code   RO         3567    i.PendSV_Handler    stm32f10x_it.o
    0x080017a2   0x080017a2   0x00000002   PAD
    0x080017a4   0x080017a4   0x00000020   Code   RO         1775    i.RCC_APB1PeriphClockCmd  stm32f10x_rcc.o
    0x080017c4   0x080017c4   0x00000020   Code   RO         1777    i.RCC_APB2PeriphClockCmd  stm32f10x_rcc.o
    0x080017e4   0x080017e4   0x00000002   Code   RO         3568    i.SVC_Handler       stm32f10x_it.o
    0x080017e6   0x080017e6   0x00000008   Code   RO           24    i.SetSysClock       system_stm32f10x.o
    0x080017ee   0x080017ee   0x00000002   PAD
    0x080017f0   0x080017f0   0x000000e0   Code   RO           25    i.SetSysClockTo72   system_stm32f10x.o
    0x080018d0   0x080018d0   0x00000002   Code   RO         3569    i.SysTick_Handler   stm32f10x_it.o
    0x080018d2   0x080018d2   0x00000002   PAD
    0x080018d4   0x080018d4   0x00000060   Code   RO           27    i.SystemInit        system_stm32f10x.o
    0x08001934   0x08001934   0x00000080   Code   RO         2405    i.TI1_Config        stm32f10x_tim.o
    0x080019b4   0x080019b4   0x00000098   Code   RO         2406    i.TI2_Config        stm32f10x_tim.o
    0x08001a4c   0x08001a4c   0x00000090   Code   RO         2407    i.TI3_Config        stm32f10x_tim.o
    0x08001adc   0x08001adc   0x00000098   Code   RO         2408    i.TI4_Config        stm32f10x_tim.o
    0x08001b74   0x08001b74   0x0000001a   Code   RO         3477    i.TIM2_Encoder_Get  encoder.o
    0x08001b8e   0x08001b8e   0x00000002   PAD
    0x08001b90   0x08001b90   0x00000034   Code   RO         3506    i.TIM3_IRQHandler   main.o
    0x08001bc4   0x08001bc4   0x0000001c   Code   RO         3478    i.TIM4_Encoder_Get  encoder.o
    0x08001be0   0x08001be0   0x00000018   Code   RO         2409    i.TIM_ARRPreloadConfig  stm32f10x_tim.o
    0x08001bf8   0x08001bf8   0x00000006   Code   RO         2415    i.TIM_ClearFlag     stm32f10x_tim.o
    0x08001bfe   0x08001bfe   0x00000006   Code   RO         2416    i.TIM_ClearITPendingBit  stm32f10x_tim.o
    0x08001c04   0x08001c04   0x00000018   Code   RO         2421    i.TIM_Cmd           stm32f10x_tim.o
    0x08001c1c   0x08001c1c   0x0000001e   Code   RO         2423    i.TIM_CtrlPWMOutputs  stm32f10x_tim.o
    0x08001c3a   0x08001c3a   0x00000042   Code   RO         2430    i.TIM_EncoderInterfaceConfig  stm32f10x_tim.o
    0x08001c7c   0x08001c7c   0x00000006   Code   RO         2440    i.TIM_GetCounter    stm32f10x_tim.o
    0x08001c82   0x08001c82   0x00000022   Code   RO         2442    i.TIM_GetITStatus   stm32f10x_tim.o
    0x08001ca4   0x08001ca4   0x000000ac   Code   RO         2444    i.TIM_ICInit        stm32f10x_tim.o
    0x08001d50   0x08001d50   0x00000012   Code   RO         2445    i.TIM_ICStructInit  stm32f10x_tim.o
    0x08001d62   0x08001d62   0x00000012   Code   RO         2446    i.TIM_ITConfig      stm32f10x_tim.o
    0x08001d74   0x08001d74   0x0000000c   Code   RO         2448    i.TIM_InternalClockConfig  stm32f10x_tim.o
    0x08001d80   0x08001d80   0x00000098   Code   RO         2450    i.TIM_OC1Init       stm32f10x_tim.o
    0x08001e18   0x08001e18   0x00000012   Code   RO         2453    i.TIM_OC1PreloadConfig  stm32f10x_tim.o
    0x08001e2a   0x08001e2a   0x00000002   PAD
    0x08001e2c   0x08001e2c   0x0000007c   Code   RO         2465    i.TIM_OC4Init       stm32f10x_tim.o
    0x08001ea8   0x08001ea8   0x0000001a   Code   RO         2467    i.TIM_OC4PreloadConfig  stm32f10x_tim.o
    0x08001ec2   0x08001ec2   0x00000014   Code   RO         2468    i.TIM_OCStructInit  stm32f10x_tim.o
    0x08001ed6   0x08001ed6   0x00000004   Code   RO         2482    i.TIM_SetCompare1   stm32f10x_tim.o
    0x08001eda   0x08001eda   0x00000006   Code   RO         2485    i.TIM_SetCompare4   stm32f10x_tim.o
    0x08001ee0   0x08001ee0   0x00000004   Code   RO         2486    i.TIM_SetCounter    stm32f10x_tim.o
    0x08001ee4   0x08001ee4   0x00000012   Code   RO         2487    i.TIM_SetIC1Prescaler  stm32f10x_tim.o
    0x08001ef6   0x08001ef6   0x0000001a   Code   RO         2488    i.TIM_SetIC2Prescaler  stm32f10x_tim.o
    0x08001f10   0x08001f10   0x00000012   Code   RO         2489    i.TIM_SetIC3Prescaler  stm32f10x_tim.o
    0x08001f22   0x08001f22   0x0000001a   Code   RO         2490    i.TIM_SetIC4Prescaler  stm32f10x_tim.o
    0x08001f3c   0x08001f3c   0x000000a4   Code   RO         2492    i.TIM_TimeBaseInit  stm32f10x_tim.o
    0x08001fe0   0x08001fe0   0x00000080   Code   RO         3220    i.Timer3_Init       timer.o
    0x08002060   0x08002060   0x00000004   Code   RO         3570    i.UsageFault_Handler  stm32f10x_it.o
    0x08002064   0x08002064   0x00000028   Code   RO         4432    i.__ARM_fpclassify  m_ws.l(fpclassify.o)
    0x0800208c   0x0800208c   0x000000aa   Code   RO         4434    i.__kernel_poly     m_ws.l(poly.o)
    0x08002136   0x08002136   0x00000006   Code   RO         4419    i.__mathlib_dbl_infnan  m_ws.l(dunder.o)
    0x0800213c   0x0800213c   0x00000004   Code   RO         4420    i.__mathlib_dbl_infnan2  m_ws.l(dunder.o)
    0x08002140   0x08002140   0x0000000c   Code   RO         4421    i.__mathlib_dbl_invalid  m_ws.l(dunder.o)
    0x0800214c   0x0800214c   0x00000010   Code   RO         4424    i.__mathlib_dbl_underflow  m_ws.l(dunder.o)
    0x0800215c   0x0800215c   0x000000a8   Code   RO         3639    i.accel_self_test   inv_mpu.o
    0x08002204   0x08002204   0x00000270   Code   RO         4367    i.asin              m_ws.l(asin.o)
    0x08002474   0x08002474   0x00000220   Code   RO         4409    i.atan              m_ws.l(atan.o)
    0x08002694   0x08002694   0x00000180   Code   RO         4377    i.atan2             m_ws.l(atan2.o)
    0x08002814   0x08002814   0x00000064   Code   RO         3976    i.decode_gesture    inv_mpu_dmp_motion_driver.o
    0x08002878   0x08002878   0x0000003c   Code   RO         3977    i.dmp_enable_6x_lp_quat  inv_mpu_dmp_motion_driver.o
    0x080028b4   0x080028b4   0x0000021c   Code   RO         3978    i.dmp_enable_feature  inv_mpu_dmp_motion_driver.o
    0x08002ad0   0x08002ad0   0x00000058   Code   RO         3979    i.dmp_enable_gyro_cal  inv_mpu_dmp_motion_driver.o
    0x08002b28   0x08002b28   0x0000003c   Code   RO         3980    i.dmp_enable_lp_quat  inv_mpu_dmp_motion_driver.o
    0x08002b64   0x08002b64   0x00000018   Code   RO         3985    i.dmp_load_motion_driver_firmware  inv_mpu_dmp_motion_driver.o
    0x08002b7c   0x08002b7c   0x000001c8   Code   RO         3986    i.dmp_read_fifo     inv_mpu_dmp_motion_driver.o
    0x08002d44   0x08002d44   0x00000130   Code   RO         3989    i.dmp_set_accel_bias  inv_mpu_dmp_motion_driver.o
    0x08002e74   0x08002e74   0x00000070   Code   RO         3990    i.dmp_set_fifo_rate  inv_mpu_dmp_motion_driver.o
    0x08002ee4   0x08002ee4   0x00000130   Code   RO         3991    i.dmp_set_gyro_bias  inv_mpu_dmp_motion_driver.o
    0x08003014   0x08003014   0x00000138   Code   RO         3993    i.dmp_set_orientation  inv_mpu_dmp_motion_driver.o
    0x0800314c   0x0800314c   0x00000038   Code   RO         3996    i.dmp_set_shake_reject_thresh  inv_mpu_dmp_motion_driver.o
    0x08003184   0x08003184   0x00000026   Code   RO         3997    i.dmp_set_shake_reject_time  inv_mpu_dmp_motion_driver.o
    0x080031aa   0x080031aa   0x00000026   Code   RO         3998    i.dmp_set_shake_reject_timeout  inv_mpu_dmp_motion_driver.o
    0x080031d0   0x080031d0   0x00000046   Code   RO         3999    i.dmp_set_tap_axes  inv_mpu_dmp_motion_driver.o
    0x08003216   0x08003216   0x00000026   Code   RO         4000    i.dmp_set_tap_count  inv_mpu_dmp_motion_driver.o
    0x0800323c   0x0800323c   0x000001a0   Code   RO         4001    i.dmp_set_tap_thresh  inv_mpu_dmp_motion_driver.o
    0x080033dc   0x080033dc   0x00000026   Code   RO         4002    i.dmp_set_tap_time  inv_mpu_dmp_motion_driver.o
    0x08003402   0x08003402   0x00000026   Code   RO         4003    i.dmp_set_tap_time_multi  inv_mpu_dmp_motion_driver.o
    0x08003428   0x08003428   0x000000b4   Code   RO         3640    i.get_accel_prod_shift  inv_mpu.o
    0x080034dc   0x080034dc   0x00000470   Code   RO         3642    i.get_st_biases     inv_mpu.o
    0x0800394c   0x0800394c   0x00000110   Code   RO         3643    i.gyro_self_test    inv_mpu.o
    0x08003a5c   0x08003a5c   0x00000028   Code   RO         3644    i.inv_orientation_matrix_to_scalar  inv_mpu.o
    0x08003a84   0x08003a84   0x0000004e   Code   RO         3645    i.inv_row_2_scale   inv_mpu.o
    0x08003ad2   0x08003ad2   0x00000002   PAD
    0x08003ad4   0x08003ad4   0x00000054   Code   RO         3507    i.main              main.o
    0x08003b28   0x08003b28   0x0000005c   Code   RO         4165    i.mpu6050_read      mpu6050.o
    0x08003b84   0x08003b84   0x00000016   Code   RO         4166    i.mpu6050_read_reg  mpu6050.o
    0x08003b9a   0x08003b9a   0x00000044   Code   RO         4167    i.mpu6050_write     mpu6050.o
    0x08003bde   0x08003bde   0x00000012   Code   RO         4168    i.mpu6050_write_reg  mpu6050.o
    0x08003bf0   0x08003bf0   0x00000070   Code   RO         3646    i.mpu_configure_fifo  inv_mpu.o
    0x08003c60   0x08003c60   0x0000004c   Code   RO         3647    i.mpu_get_accel_fsr  inv_mpu.o
    0x08003cac   0x08003cac   0x00000054   Code   RO         3649    i.mpu_get_accel_sens  inv_mpu.o
    0x08003d00   0x08003d00   0x00000010   Code   RO         3654    i.mpu_get_fifo_config  inv_mpu.o
    0x08003d10   0x08003d10   0x00000044   Code   RO         3655    i.mpu_get_gyro_fsr  inv_mpu.o
    0x08003d54   0x08003d54   0x00000050   Code   RO         3657    i.mpu_get_gyro_sens  inv_mpu.o
    0x08003da4   0x08003da4   0x00000050   Code   RO         3659    i.mpu_get_lpf       inv_mpu.o
    0x08003df4   0x08003df4   0x00000020   Code   RO         3661    i.mpu_get_sample_rate  inv_mpu.o
    0x08003e14   0x08003e14   0x00000190   Code   RO         3663    i.mpu_init          inv_mpu.o
    0x08003fa4   0x08003fa4   0x000000b8   Code   RO         3664    i.mpu_load_firmware  inv_mpu.o
    0x0800405c   0x0800405c   0x000000e0   Code   RO         3665    i.mpu_lp_accel_mode  inv_mpu.o
    0x0800413c   0x0800413c   0x000000c0   Code   RO         3668    i.mpu_read_fifo_stream  inv_mpu.o
    0x080041fc   0x080041fc   0x00000080   Code   RO         3669    i.mpu_read_mem      inv_mpu.o
    0x0800427c   0x0800427c   0x000001c8   Code   RO         3672    i.mpu_reset_fifo    inv_mpu.o
    0x08004444   0x08004444   0x0000011c   Code   RO         3673    i.mpu_run_self_test  inv_mpu.o
    0x08004560   0x08004560   0x00000084   Code   RO         3675    i.mpu_set_accel_fsr  inv_mpu.o
    0x080045e4   0x080045e4   0x0000014c   Code   RO         3676    i.mpu_set_bypass    inv_mpu.o
    0x08004730   0x08004730   0x00000090   Code   RO         3678    i.mpu_set_dmp_state  inv_mpu.o
    0x080047c0   0x080047c0   0x00000088   Code   RO         3679    i.mpu_set_gyro_fsr  inv_mpu.o
    0x08004848   0x08004848   0x0000006c   Code   RO         3680    i.mpu_set_int_latched  inv_mpu.o
    0x080048b4   0x080048b4   0x00000084   Code   RO         3682    i.mpu_set_lpf       inv_mpu.o
    0x08004938   0x08004938   0x0000009c   Code   RO         3683    i.mpu_set_sample_rate  inv_mpu.o
    0x080049d4   0x080049d4   0x000000d0   Code   RO         3684    i.mpu_set_sensors   inv_mpu.o
    0x08004aa4   0x08004aa4   0x00000080   Code   RO         3685    i.mpu_write_mem     inv_mpu.o
    0x08004b24   0x08004b24   0x00000014   Code   RO         3238    i.power             sys.o
    0x08004b38   0x08004b38   0x00000094   Code   RO         3686    i.run_self_test     inv_mpu.o
    0x08004bcc   0x08004bcc   0x00000090   Code   RO         3687    i.set_int_enable    inv_mpu.o
    0x08004c5c   0x08004c5c   0x0000004c   Code   RO         4438    i.sqrt              m_ws.l(sqrt.o)
    0x08004ca8   0x08004ca8   0x00000062   Code   RO         4312    x$fpl$d2f           fz_ws.l(d2f.o)
    0x08004d0a   0x08004d0a   0x00000002   PAD
    0x08004d0c   0x08004d0c   0x00000150   Code   RO         4314    x$fpl$dadd          fz_ws.l(daddsub_clz.o)
    0x08004e5c   0x08004e5c   0x00000010   Code   RO         4471    x$fpl$dcheck1       fz_ws.l(dcheck1.o)
    0x08004e6c   0x08004e6c   0x000002b0   Code   RO         4321    x$fpl$ddiv          fz_ws.l(ddiv.o)
    0x0800511c   0x0800511c   0x00000154   Code   RO         4330    x$fpl$dmul          fz_ws.l(dmul.o)
    0x08005270   0x08005270   0x0000009c   Code   RO         4395    x$fpl$dnaninf       fz_ws.l(dnaninf.o)
    0x0800530c   0x0800530c   0x0000000c   Code   RO         4397    x$fpl$dretinf       fz_ws.l(dretinf.o)
    0x08005318   0x08005318   0x00000016   Code   RO         4315    x$fpl$drsb          fz_ws.l(daddsub_clz.o)
    0x0800532e   0x0800532e   0x00000002   PAD
    0x08005330   0x08005330   0x000001cc   Code   RO         4475    x$fpl$dsqrt         fz_ws.l(dsqrt_noumaal.o)
    0x080054fc   0x080054fc   0x000001d4   Code   RO         4316    x$fpl$dsub          fz_ws.l(daddsub_clz.o)
    0x080056d0   0x080056d0   0x00000056   Code   RO         4332    x$fpl$f2d           fz_ws.l(f2d.o)
    0x08005726   0x08005726   0x00000002   PAD
    0x08005728   0x08005728   0x000000c4   Code   RO         4334    x$fpl$fadd          fz_ws.l(faddsub_clz.o)
    0x080057ec   0x080057ec   0x00000018   Code   RO         4399    x$fpl$fcmpinf       fz_ws.l(fcmpi.o)
    0x08005804   0x08005804   0x00000184   Code   RO         4341    x$fpl$fdiv          fz_ws.l(fdiv.o)
    0x08005988   0x08005988   0x00000068   Code   RO         4344    x$fpl$feqf          fz_ws.l(feqf.o)
    0x080059f0   0x080059f0   0x00000036   Code   RO         4346    x$fpl$ffix          fz_ws.l(ffix.o)
    0x08005a26   0x08005a26   0x00000002   PAD
    0x08005a28   0x08005a28   0x0000003e   Code   RO         4350    x$fpl$ffixu         fz_ws.l(ffixu.o)
    0x08005a66   0x08005a66   0x00000002   PAD
    0x08005a68   0x08005a68   0x00000030   Code   RO         4355    x$fpl$fflt          fz_ws.l(fflt_clz.o)
    0x08005a98   0x08005a98   0x00000026   Code   RO         4354    x$fpl$ffltu         fz_ws.l(fflt_clz.o)
    0x08005abe   0x08005abe   0x00000002   PAD
    0x08005ac0   0x08005ac0   0x00000068   Code   RO         4360    x$fpl$fleqf         fz_ws.l(fleqf.o)
    0x08005b28   0x08005b28   0x00000102   Code   RO         4362    x$fpl$fmul          fz_ws.l(fmul.o)
    0x08005c2a   0x08005c2a   0x0000008c   Code   RO         4401    x$fpl$fnaninf       fz_ws.l(fnaninf.o)
    0x08005cb6   0x08005cb6   0x0000000a   Code   RO         4403    x$fpl$fretinf       fz_ws.l(fretinf.o)
    0x08005cc0   0x08005cc0   0x00000062   Code   RO         4364    x$fpl$frleqf        fz_ws.l(frleqf.o)
    0x08005d22   0x08005d22   0x00000002   PAD
    0x08005d24   0x08005d24   0x000000ea   Code   RO         4336    x$fpl$fsub          fz_ws.l(faddsub_clz.o)
    0x08005e0e   0x08005e0e   0x00000064   Code   RO         4494    x$fpl$retnan        fz_ws.l(retnan.o)
    0x08005e72   0x08005e72   0x0000005c   Code   RO         4405    x$fpl$scalbn        fz_ws.l(scalbn.o)
    0x08005ece   0x08005ece   0x00000030   Code   RO         4547    x$fpl$trapveneer    fz_ws.l(trapv.o)
    0x08005efe   0x08005efe   0x00000000   Code   RO         4407    x$fpl$usenofp       fz_ws.l(usenofp.o)
    0x08005efe   0x08005efe   0x000005f0   Data   RO         3323    .constdata          oled.o
    0x080064ee   0x080064ee   0x00000002   PAD
    0x080064f0   0x080064f0   0x00000050   Data   RO         3688    .constdata          inv_mpu.o
    0x08006540   0x08006540   0x00000bf6   Data   RO         4005    .constdata          inv_mpu_dmp_motion_driver.o
    0x08007136   0x08007136   0x00000002   PAD
    0x08007138   0x08007138   0x00000050   Data   RO         4368    .constdata          m_ws.l(asin.o)
    0x08007188   0x08007188   0x00000098   Data   RO         4410    .constdata          m_ws.l(atan.o)
    0x08007220   0x08007220   0x00000008   Data   RO         4436    .constdata          m_ws.l(qnan.o)
    0x08007228   0x08007228   0x00000020   Data   RO         4626    Region$$Table       anon$$obj.o


    Execution Region RW_IRAM1 (Exec base: 0x20000000, Load base: 0x08007248, Size: 0x00000748, Max: 0x00005000, ABSOLUTE)

    Exec Addr    Load Addr    Size         Type   Attr      Idx    E Section Name        Object

    0x20000000   0x08007248   0x0000009f   Data   RW         3508    .data               main.o
    0x2000009f   0x080072e7   0x00000001   PAD
    0x200000a0   0x080072e8   0x00000035   Data   RW         3689    .data               inv_mpu.o
    0x200000d5   0x0800731d   0x00000003   PAD
    0x200000d8        -       0x00000010   Zero   RW         4004    .bss                inv_mpu_dmp_motion_driver.o
    0x200000e8        -       0x00000060   Zero   RW         4478    .bss                c_w.l(libspace.o)
    0x20000148        -       0x00000200   Zero   RW            2    HEAP                startup_stm32f10x_md.o
    0x20000348        -       0x00000400   Zero   RW            1    STACK               startup_stm32f10x_md.o


==============================================================================

Image component sizes


      Code (inc. data)   RO Data    RW Data    ZI Data      Debug   Object Name

         0          0          0          0          0       4508   core_cm3.o
        70          0          0          0          0        890   delay.o
       378         20          0          0          0       2210   encoder.o
      6686        214         80         53          0      29214   inv_mpu.o
      3092        124       3062          0         16      19778   inv_mpu_dmp_motion_driver.o
       520         84          0        159          0       2639   main.o
       132         22          0          0          0     206807   misc.o
       248         12          0          0          0       1500   motor.o
       566          6          0          0          0       6136   mpu6050.o
       560         78          0          0          0       4756   mpu6050_i2c.o
       816         22       1520          0          0       6749   oled.o
       216         16          0          0          0        841   pid.o
       224         22          0          0          0       1559   pwm.o
        64         26        236          0       1536        804   startup_stm32f10x_md.o
         0          0          0          0          0       1640   stm32f10x_adc.o
       200         18          0          0          0       4016   stm32f10x_exti.o
       504         10          0          0          0      12996   stm32f10x_gpio.o
        26          0          0          0          0       3594   stm32f10x_it.o
        64         12          0          0          0       1042   stm32f10x_rcc.o
      1598        180          0          0          0      37032   stm32f10x_tim.o
       196          4          0          0          0       3503   sys.o
       328         28          0          0          0      30385   system_stm32f10x.o
       128          6          0          0          0        534   timer.o

    ----------------------------------------------------------------------
     16642        904       4934        216       1552     383133   Object Totals
         0          0         32          0          0          0   (incl. Generated)
        26          0          4          4          0          0   (incl. Padding)

    ----------------------------------------------------------------------

      Code (inc. data)   RO Data    RW Data    ZI Data      Debug   Library Member Name

         8          0          0          0          0         68   __main.o
         0          0          0          0          0          0   __rtentry.o
        12          0          0          0          0          0   __rtentry2.o
         6          0          0          0          0          0   __rtentry4.o
        52          8          0          0          0          0   __scatter.o
        26          0          0          0          0          0   __scatter_copy.o
        28          0          0          0          0          0   __scatter_zi.o
        22          0          0          0          0        100   _rserrno.o
        16          0          0          0          0         68   aeabi_memset.o
        18          0          0          0          0         80   exit.o
         6          0          0          0          0        152   heapauxi.o
         0          0          0          0          0          0   indicate_semi.o
         2          0          0          0          0          0   libinit.o
         2          0          0          0          0          0   libinit2.o
         2          0          0          0          0          0   libshutdown.o
         2          0          0          0          0          0   libshutdown2.o
         8          4          0          0         96         68   libspace.o
        72          0          0          0          0         76   llsdiv.o
       238          0          0          0          0        100   lludivv7m.o
        88          0          0          0          0         76   memcmp.o
         8          4          0          0          0         68   rt_errno_addr_intlibspace.o
        68          0          0          0          0         68   rt_memclr.o
        78          0          0          0          0         80   rt_memclr_w.o
         2          0          0          0          0          0   rtexit.o
        10          0          0          0          0          0   rtexit2.o
        12          4          0          0          0         68   sys_exit.o
        74          0          0          0          0         80   sys_stackheap_outer.o
         2          0          0          0          0         68   use_no_semi.o
        98          4          0          0          0         92   d2f.o
       826         16          0          0          0        348   daddsub_clz.o
        16          4          0          0          0         68   dcheck1.o
       688        140          0          0          0        208   ddiv.o
       340         12          0          0          0        104   dmul.o
       156          4          0          0          0         92   dnaninf.o
        12          0          0          0          0         68   dretinf.o
       460         56          0          0          0        120   dsqrt_noumaal.o
        86          4          0          0          0         84   f2d.o
       430          8          0          0          0        168   faddsub_clz.o
        24          0          0          0          0         68   fcmpi.o
       388         76          0          0          0         96   fdiv.o
       104          4          0          0          0         84   feqf.o
        54          4          0          0          0         84   ffix.o
        62          4          0          0          0         84   ffixu.o
        86          0          0          0          0        136   fflt_clz.o
       104          4          0          0          0         84   fleqf.o
       258          4          0          0          0         84   fmul.o
       140          4          0          0          0         84   fnaninf.o
        10          0          0          0          0         68   fretinf.o
        98          0          0          0          0         68   frleqf.o
       100          0          0          0          0         68   retnan.o
        92          0          0          0          0         68   scalbn.o
        48          0          0          0          0         68   trapv.o
         0          0          0          0          0          0   usenofp.o
       624         52         80          0          0        168   asin.o
       544         70        152          0          0        124   atan.o
       384         38          0          0          0        144   atan2.o
        38          6          0          0          0        272   dunder.o
        40          0          0          0          0         68   fpclassify.o
       170          0          0          0          0         96   poly.o
         0          0          8          0          0          0   qnan.o
        76          0          0          0          0         84   sqrt.o

    ----------------------------------------------------------------------
      7440        534        240          0         96       4672   Library Totals
        22          0          0          0          0          0   (incl. Padding)

    ----------------------------------------------------------------------

      Code (inc. data)   RO Data    RW Data    ZI Data      Debug   Library Name

       862         20          0          0         96       1220   c_w.l
      4680        348          0          0          0       2496   fz_ws.l
      1876        166        240          0          0        956   m_ws.l

    ----------------------------------------------------------------------
      7440        534        240          0         96       4672   Library Totals

    ----------------------------------------------------------------------

==============================================================================


      Code (inc. data)   RO Data    RW Data    ZI Data      Debug   

     24082       1438       5174        216       1648     377297   Grand Totals
     24082       1438       5174        216       1648     377297   ELF Image Totals
     24082       1438       5174        216          0          0   ROM Totals

==============================================================================

    Total RO  Size (Code + RO Data)                29256 (  28.57kB)
    Total RW  Size (RW Data + ZI Data)              1864 (   1.82kB)
    Total ROM Size (Code + RO Data + RW Data)      29472 (  28.78kB)

==============================================================================

